2026-06-16T12:36:42.902Z - CREATE_LEDGER_ERROR: column "tdsApplicable" does not exist
Error
    at Query.run (C:\Users\loges\OneDrive\Desktop\Tally\Tally_accounting\backend\node_modules\sequelize\lib\dialects\postgres\query.js:50:25)
    at C:\Users\loges\OneDrive\Desktop\Tally\Tally_accounting\backend\node_modules\sequelize\lib\sequelize.js:315:28
    at async PostgresQueryInterface.select (C:\Users\loges\OneDrive\Desktop\Tally\Tally_accounting\backend\node_modules\sequelize\lib\dialects\abstract\query-interface.js:407:12)
    at async Ledger.findAll (C:\Users\loges\OneDrive\Desktop\Tally\Tally_accounting\backend\node_modules\sequelize\lib\model.js:1140:21)
    at async Ledger.findOne (C:\Users\loges\OneDrive\Desktop\Tally\Tally_accounting\backend\node_modules\sequelize\lib\model.js:1240:12)
    at async exports.createLedger (C:\Users\loges\OneDrive\Desktop\Tally\Tally_accounting\backend\modules\accounting\ledger.controller.js:109:24)

2026-06-16T12:37:30.897Z - CREATE_LEDGER_ERROR: column "tdsApplicable" does not exist
Error
    at Query.run (C:\Users\loges\OneDrive\Desktop\Tally\Tally_accounting\backend\node_modules\sequelize\lib\dialects\postgres\query.js:50:25)
    at C:\Users\loges\OneDrive\Desktop\Tally\Tally_accounting\backend\node_modules\sequelize\lib\sequelize.js:315:28
    at async PostgresQueryInterface.select (C:\Users\loges\OneDrive\Desktop\Tally\Tally_accounting\backend\node_modules\sequelize\lib\dialects\abstract\query-interface.js:407:12)
    at async Ledger.findAll (C:\Users\loges\OneDrive\Desktop\Tally\Tally_accounting\backend\node_modules\sequelize\lib\model.js:1140:21)
    at async Ledger.findOne (C:\Users\loges\OneDrive\Desktop\Tally\Tally_accounting\backend\node_modules\sequelize\lib\model.js:1240:12)
    at async exports.createLedger (C:\Users\loges\OneDrive\Desktop\Tally\Tally_accounting\backend\modules\accounting\ledger.controller.js:109:24)

2026-06-16T12:37:56.905Z - CREATE_LEDGER_ERROR: column "tdsApplicable" does not exist
Error
    at Query.run (C:\Users\loges\OneDrive\Desktop\Tally\Tally_accounting\backend\node_modules\sequelize\lib\dialects\postgres\query.js:50:25)
    at C:\Users\loges\OneDrive\Desktop\Tally\Tally_accounting\backend\node_modules\sequelize\lib\sequelize.js:315:28
    at async PostgresQueryInterface.select (C:\Users\loges\OneDrive\Desktop\Tally\Tally_accounting\backend\node_modules\sequelize\lib\dialects\abstract\query-interface.js:407:12)
    at async Ledger.findAll (C:\Users\loges\OneDrive\Desktop\Tally\Tally_accounting\backend\node_modules\sequelize\lib\model.js:1140:21)
    at async Ledger.findOne (C:\Users\loges\OneDrive\Desktop\Tally\Tally_accounting\backend\node_modules\sequelize\lib\model.js:1240:12)
    at async exports.createLedger (C:\Users\loges\OneDrive\Desktop\Tally\Tally_accounting\backend\modules\accounting\ledger.controller.js:109:24)

❌ Failed to seed RBAC roles: current transaction is aborted, commands ignored until end of transaction block
❌ Database connection/sync failed: column "workEmail" of relation "Employees" contains null values
❌ Database connection/sync failed: cannot cast type "enum_Attendances_status" to "enum_Attendances_Status"
❌ Database connection/sync failed: cannot cast type "enum_Attendances_status" to "enum_Attendances_Status"
❌ Database connection/sync failed: cannot cast type "enum_Attendances_status" to "enum_Attendances_Status"
❌ Database connection/sync failed: cannot cast type "enum_Attendances_status" to "enum_Attendances_Status"
❌ Database connection/sync failed: cannot cast type "enum_Attendances_status" to "enum_Attendances_Status"
❌ Database connection/sync failed: cannot cast type "enum_Attendances_status" to "enum_Attendances_Status"
❌ Database connection/sync failed: cannot cast type "enum_Attendances_status" to "enum_Attendances_Status"
❌ Database connection/sync failed: cannot cast type "enum_Attendances_status" to "enum_Attendances_Status"
❌ Critical Hub Entry Failure: Could not connect to database after multiple attempts.
{"name":"SequelizeDatabaseError","parent":{"length":143,"name":"error","severity":"ERROR","code":"42846","position":"478","file":"parse_expr.c","line":"2782","routine":"transformTypeCast","sql":"ALTER TABLE \"Attendances\" ALTER COLUMN \"Status\" SET NOT NULL;ALTER TABLE \"Attendances\" ALTER COLUMN \"Status\" SET DEFAULT 'Present';DO 'BEGIN CREATE TYPE \"public\".\"enum_Attendances_Status\" AS ENUM(''Present'', ''Absent'', ''Half-Day'', ''Leave'', ''Sick-Leave'', ''Casual-Leave'', ''Earned-Leave'', ''Comp-Off'', ''Holiday''); EXCEPTION WHEN duplicate_object THEN null; END';ALTER TABLE \"Attendances\" ALTER COLUMN \"Status\" TYPE \"public\".\"enum_Attendances_Status\" USING (\"Status\"::\"public\".\"enum_Attendances_Status\");"},"original":{"length":143,"name":"error","severity":"ERROR","code":"42846","position":"478","file":"parse_expr.c","line":"2782","routine":"transformTypeCast","sql":"ALTER TABLE \"Attendances\" ALTER COLUMN \"Status\" SET NOT NULL;ALTER TABLE \"Attendances\" ALTER COLUMN \"Status\" SET DEFAULT 'Present';DO 'BEGIN CREATE TYPE \"public\".\"enum_Attendances_Status\" AS ENUM(''Present'', ''Absent'', ''Half-Day'', ''Leave'', ''Sick-Leave'', ''Casual-Leave'', ''Earned-Leave'', ''Comp-Off'', ''Holiday''); EXCEPTION WHEN duplicate_object THEN null; END';ALTER TABLE \"Attendances\" ALTER COLUMN \"Status\" TYPE \"public\".\"enum_Attendances_Status\" USING (\"Status\"::\"public\".\"enum_Attendances_Status\");"},"sql":"ALTER TABLE \"Attendances\" ALTER COLUMN \"Status\" SET NOT NULL;ALTER TABLE \"Attendances\" ALTER COLUMN \"Status\" SET DEFAULT 'Present';DO 'BEGIN CREATE TYPE \"public\".\"enum_Attendances_Status\" AS ENUM(''Present'', ''Absent'', ''Half-Day'', ''Leave'', ''Sick-Leave'', ''Casual-Leave'', ''Earned-Leave'', ''Comp-Off'', ''Holiday''); EXCEPTION WHEN duplicate_object THEN null; END';ALTER TABLE \"Attendances\" ALTER COLUMN \"Status\" TYPE \"public\".\"enum_Attendances_Status\" USING (\"Status\"::\"public\".\"enum_Attendances_Status\");","parameters":{}}
❌ Database connection/sync failed: cannot cast type "enum_Attendances_status" to "enum_Attendances_Status"
❌ Database connection/sync failed: cannot cast type "enum_Attendances_status" to "enum_Attendances_Status"
❌ Database connection/sync failed: cannot cast type "enum_Attendances_status" to "enum_Attendances_Status"
❌ Database connection/sync failed: cannot cast type "enum_Attendances_status" to "enum_Attendances_Status"
❌ Database connection/sync failed: cannot cast type "enum_Attendances_status" to "enum_Attendances_Status"
❌ Database connection/sync failed: cannot cast type "enum_Attendances_status" to "enum_Attendances_Status"
❌ Database connection/sync failed: cannot cast type "enum_Attendances_status" to "enum_Attendances_Status"
❌ Database connection/sync failed: cannot cast type "enum_Attendances_status" to "enum_Attendances_Status"
❌ Critical Hub Entry Failure: Could not connect to database after multiple attempts.
{"name":"SequelizeDatabaseError","parent":{"length":143,"name":"error","severity":"ERROR","code":"42846","position":"478","file":"parse_expr.c","line":"2782","routine":"transformTypeCast","sql":"ALTER TABLE \"Attendances\" ALTER COLUMN \"Status\" SET NOT NULL;ALTER TABLE \"Attendances\" ALTER COLUMN \"Status\" SET DEFAULT 'Present';DO 'BEGIN CREATE TYPE \"public\".\"enum_Attendances_Status\" AS ENUM(''Present'', ''Absent'', ''Half-Day'', ''Leave'', ''Sick-Leave'', ''Casual-Leave'', ''Earned-Leave'', ''Comp-Off'', ''Holiday''); EXCEPTION WHEN duplicate_object THEN null; END';ALTER TABLE \"Attendances\" ALTER COLUMN \"Status\" TYPE \"public\".\"enum_Attendances_Status\" USING (\"Status\"::\"public\".\"enum_Attendances_Status\");"},"original":{"length":143,"name":"error","severity":"ERROR","code":"42846","position":"478","file":"parse_expr.c","line":"2782","routine":"transformTypeCast","sql":"ALTER TABLE \"Attendances\" ALTER COLUMN \"Status\" SET NOT NULL;ALTER TABLE \"Attendances\" ALTER COLUMN \"Status\" SET DEFAULT 'Present';DO 'BEGIN CREATE TYPE \"public\".\"enum_Attendances_Status\" AS ENUM(''Present'', ''Absent'', ''Half-Day'', ''Leave'', ''Sick-Leave'', ''Casual-Leave'', ''Earned-Leave'', ''Comp-Off'', ''Holiday''); EXCEPTION WHEN duplicate_object THEN null; END';ALTER TABLE \"Attendances\" ALTER COLUMN \"Status\" TYPE \"public\".\"enum_Attendances_Status\" USING (\"Status\"::\"public\".\"enum_Attendances_Status\");"},"sql":"ALTER TABLE \"Attendances\" ALTER COLUMN \"Status\" SET NOT NULL;ALTER TABLE \"Attendances\" ALTER COLUMN \"Status\" SET DEFAULT 'Present';DO 'BEGIN CREATE TYPE \"public\".\"enum_Attendances_Status\" AS ENUM(''Present'', ''Absent'', ''Half-Day'', ''Leave'', ''Sick-Leave'', ''Casual-Leave'', ''Earned-Leave'', ''Comp-Off'', ''Holiday''); EXCEPTION WHEN duplicate_object THEN null; END';ALTER TABLE \"Attendances\" ALTER COLUMN \"Status\" TYPE \"public\".\"enum_Attendances_Status\" USING (\"Status\"::\"public\".\"enum_Attendances_Status\");","parameters":{}}
❌ Database connection/sync failed: cannot cast type "enum_Attendances_status" to "enum_Attendances_Status"
❌ Database connection/sync failed: cannot cast type "enum_Attendances_status" to "enum_Attendances_Status"
❌ Database connection/sync failed: cannot cast type "enum_Attendances_status" to "enum_Attendances_Status"
❌ Database connection/sync failed: cannot cast type "enum_Attendances_status" to "enum_Attendances_Status"
❌ Database connection/sync failed: cannot cast type "enum_Attendances_status" to "enum_Attendances_Status"
Create Order Error: {"name":"SequelizeDatabaseError","parent":{"length":111,"name":"error","severity":"ERROR","code":"22P02","position":"174","file":"uuid.c","line":"174","routine":"string_to_uuid","sql":"SELECT \"id\", \"name\", \"price\", \"description\", \"maxUsers\", \"features\", \"createdAt\", \"updatedAt\" FROM \"SubscriptionPlans\" AS \"SubscriptionPlan\" WHERE \"SubscriptionPlan\".\"id\" = 'pro_plan_id';"},"original":{"length":111,"name":"error","severity":"ERROR","code":"22P02","position":"174","file":"uuid.c","line":"174","routine":"string_to_uuid","sql":"SELECT \"id\", \"name\", \"price\", \"description\", \"maxUsers\", \"features\", \"createdAt\", \"updatedAt\" FROM \"SubscriptionPlans\" AS \"SubscriptionPlan\" WHERE \"SubscriptionPlan\".\"id\" = 'pro_plan_id';"},"sql":"SELECT \"id\", \"name\", \"price\", \"description\", \"maxUsers\", \"features\", \"createdAt\", \"updatedAt\" FROM \"SubscriptionPlans\" AS \"SubscriptionPlan\" WHERE \"SubscriptionPlan\".\"id\" = 'pro_plan_id';","parameters":{}}
Create Order Error: {"name":"SequelizeDatabaseError","parent":{"length":111,"name":"error","severity":"ERROR","code":"22P02","position":"174","file":"uuid.c","line":"174","routine":"string_to_uuid","sql":"SELECT \"id\", \"name\", \"price\", \"description\", \"maxUsers\", \"features\", \"createdAt\", \"updatedAt\" FROM \"SubscriptionPlans\" AS \"SubscriptionPlan\" WHERE \"SubscriptionPlan\".\"id\" = 'pro_plan_id';"},"original":{"length":111,"name":"error","severity":"ERROR","code":"22P02","position":"174","file":"uuid.c","line":"174","routine":"string_to_uuid","sql":"SELECT \"id\", \"name\", \"price\", \"description\", \"maxUsers\", \"features\", \"createdAt\", \"updatedAt\" FROM \"SubscriptionPlans\" AS \"SubscriptionPlan\" WHERE \"SubscriptionPlan\".\"id\" = 'pro_plan_id';"},"sql":"SELECT \"id\", \"name\", \"price\", \"description\", \"maxUsers\", \"features\", \"createdAt\", \"updatedAt\" FROM \"SubscriptionPlans\" AS \"SubscriptionPlan\" WHERE \"SubscriptionPlan\".\"id\" = 'pro_plan_id';","parameters":{}}
[ERROR-62de5e4fdc41cdaa] {"message":"column User.pendingEmail does not exist","stack":"Error\n    at Query.run (C:\\Users\\navee\\OneDrive\\Desktop\\tally\\Tally_accounting\\backend\\node_modules\\sequelize\\lib\\dialects\\postgres\\query.js:50:25)\n    at C:\\Users\\navee\\OneDrive\\Desktop\\tally\\Tally_accounting\\backend\\node_modules\\sequelize\\lib\\sequelize.js:315:28\n    at async PostgresQueryInterface.select (C:\\Users\\navee\\OneDrive\\Desktop\\tally\\Tally_accounting\\backend\\node_modules\\sequelize\\lib\\dialects\\abstract\\query-interface.js:407:12)\n    at async User.findAll (C:\\Users\\navee\\OneDrive\\Desktop\\tally\\Tally_accounting\\backend\\node_modules\\sequelize\\lib\\model.js:1140:21)\n    at async User.findOne (C:\\Users\\navee\\OneDrive\\Desktop\\tally\\Tally_accounting\\backend\\node_modules\\sequelize\\lib\\model.js:1240:12)\n    at async User.findByPk (C:\\Users\\navee\\OneDrive\\Desktop\\tally\\Tally_accounting\\backend\\node_modules\\sequelize\\lib\\model.js:1221:12)\n    at async exports.tenantAccess (C:\\Users\\navee\\OneDrive\\Desktop\\tally\\Tally_accounting\\backend\\middleware\\auth.middleware.js:97:18)","path":"/api/support","method":"GET","user":"78be82ce-bc11-4702-9bae-01bd26472e02"}
Failed to fetch /me: {"name":"SequelizeDatabaseError","parent":{"length":116,"name":"error","severity":"ERROR","code":"42703","position":"225","file":"parse_relation.c","line":"3822","routine":"errorMissingColumn","sql":"SELECT \"User\".\"id\", \"User\".\"CreatedBy\", \"User\".\"ModifiedBy\", \"User\".\"name\", \"User\".\"email\", \"User\".\"password\", \"User\".\"role\", \"User\".\"activeCompanyId\", \"User\".\"oauthOnly\", \"User\".\"failedLoginAttempts\", \"User\".\"lockedUntil\", \"User\".\"pendingEmail\", \"User\".\"emailVerificationToken\", \"User\".\"emailVerificationExpiry\", \"User\".\"notificationPreferences\", \"User\".\"createdAt\", \"User\".\"updatedAt\", \"User\".\"RoleId\", \"Companies\".\"id\" AS \"Companies.id\", \"Companies\".\"CreatedBy\" AS \"Companies.CreatedBy\", \"Companies\".\"ModifiedBy\" AS \"Companies.ModifiedBy\", \"Companies\".\"name\" AS \"Companies.name\", \"Companies\".\"gstNumber\" AS \"Companies.gstNumber\", \"Companies\".\"state\" AS \"Companies.state\", \"Companies\".\"panNumber\" AS \"Companies.panNumber\", \"Companies\".\"address\" AS \"Companies.address\", \"Companies\".\"logoUrl\" AS \"Companies.logoUrl\", \"Companies\".\"industry\" AS \"Companies.industry\", \"Companies\".\"location\" AS \"Companies.location\", \"Companies\".\"street1\" AS \"Companies.street1\", \"Companies\".\"street2\" AS \"Companies.street2\", \"Companies\".\"city\" AS \"Companies.city\", \"Companies\".\"pincode\" AS \"Companies.pincode\", \"Companies\".\"phone\" AS \"Companies.phone\", \"Companies\".\"faxNumber\" AS \"Companies.faxNumber\", \"Companies\".\"website\" AS \"Companies.website\", \"Companies\".\"baseCurrency\" AS \"Companies.baseCurrency\", \"Companies\".\"fiscalYear\" AS \"Companies.fiscalYear\", \"Companies\".\"reportBasis\" AS \"Companies.reportBasis\", \"Companies\".\"language\" AS \"Companies.language\", \"Companies\".\"timezone\" AS \"Companies.timezone\", \"Companies\".\"dateFormat\" AS \"Companies.dateFormat\", \"Companies\".\"organizationId\" AS \"Companies.organizationId\", \"Companies\".\"financialYearStart\" AS \"Companies.financialYearStart\", \"Companies\".\"booksBeginningFrom\" AS \"Companies.booksBeginningFrom\", \"Companies\".\"features\" AS \"Companies.features\", \"Companies\".\"additionalFields\" AS \"Companies.additionalFields\", \"Companies\".\"userId\" AS \"Companies.userId\", \"Companies\".\"accountType\" AS \"Companies.accountType\", \"Companies\".\"trialStartDate\" AS \"Companies.trialStartDate\", \"Companies\".\"trialEndsAt\" AS \"Companies.trialEndsAt\", \"Companies\".\"subscriptionStatus\" AS \"Companies.subscriptionStatus\", \"Companies\".\"planId\" AS \"Companies.planId\", \"Companies\".\"createdAt\" AS \"Companies.createdAt\", \"Companies\".\"updatedAt\" AS \"Companies.updatedAt\" FROM \"Users\" AS \"User\" LEFT OUTER JOIN ( \"UserCompanies\" AS \"Companies->UserCompanies\" INNER JOIN \"Companies\" AS \"Companies\" ON \"Companies\".\"id\" = \"Companies->UserCompanies\".\"companyId\") ON \"User\".\"id\" = \"Companies->UserCompanies\".\"userId\" WHERE \"User\".\"id\" = '78be82ce-bc11-4702-9bae-01bd26472e02';"},"original":{"length":116,"name":"error","severity":"ERROR","code":"42703","position":"225","file":"parse_relation.c","line":"3822","routine":"errorMissingColumn","sql":"SELECT \"User\".\"id\", \"User\".\"CreatedBy\", \"User\".\"ModifiedBy\", \"User\".\"name\", \"User\".\"email\", \"User\".\"password\", \"User\".\"role\", \"User\".\"activeCompanyId\", \"User\".\"oauthOnly\", \"User\".\"failedLoginAttempts\", \"User\".\"lockedUntil\", \"User\".\"pendingEmail\", \"User\".\"emailVerificationToken\", \"User\".\"emailVerificationExpiry\", \"User\".\"notificationPreferences\", \"User\".\"createdAt\", \"User\".\"updatedAt\", \"User\".\"RoleId\", \"Companies\".\"id\" AS \"Companies.id\", \"Companies\".\"CreatedBy\" AS \"Companies.CreatedBy\", \"Companies\".\"ModifiedBy\" AS \"Companies.ModifiedBy\", \"Companies\".\"name\" AS \"Companies.name\", \"Companies\".\"gstNumber\" AS \"Companies.gstNumber\", \"Companies\".\"state\" AS \"Companies.state\", \"Companies\".\"panNumber\" AS \"Companies.panNumber\", \"Companies\".\"address\" AS \"Companies.address\", \"Companies\".\"logoUrl\" AS \"Companies.logoUrl\", \"Companies\".\"industry\" AS \"Companies.industry\", \"Companies\".\"location\" AS \"Companies.location\", \"Companies\".\"street1\" AS \"Companies.street1\", \"Companies\".\"street2\" AS \"Companies.street2\", \"Companies\".\"city\" AS \"Companies.city\", \"Companies\".\"pincode\" AS \"Companies.pincode\", \"Companies\".\"phone\" AS \"Companies.phone\", \"Companies\".\"faxNumber\" AS \"Companies.faxNumber\", \"Companies\".\"website\" AS \"Companies.website\", \"Companies\".\"baseCurrency\" AS \"Companies.baseCurrency\", \"Companies\".\"fiscalYear\" AS \"Companies.fiscalYear\", \"Companies\".\"reportBasis\" AS \"Companies.reportBasis\", \"Companies\".\"language\" AS \"Companies.language\", \"Companies\".\"timezone\" AS \"Companies.timezone\", \"Companies\".\"dateFormat\" AS \"Companies.dateFormat\", \"Companies\".\"organizationId\" AS \"Companies.organizationId\", \"Companies\".\"financialYearStart\" AS \"Companies.financialYearStart\", \"Companies\".\"booksBeginningFrom\" AS \"Companies.booksBeginningFrom\", \"Companies\".\"features\" AS \"Companies.features\", \"Companies\".\"additionalFields\" AS \"Companies.additionalFields\", \"Companies\".\"userId\" AS \"Companies.userId\", \"Companies\".\"accountType\" AS \"Companies.accountType\", \"Companies\".\"trialStartDate\" AS \"Companies.trialStartDate\", \"Companies\".\"trialEndsAt\" AS \"Companies.trialEndsAt\", \"Companies\".\"subscriptionStatus\" AS \"Companies.subscriptionStatus\", \"Companies\".\"planId\" AS \"Companies.planId\", \"Companies\".\"createdAt\" AS \"Companies.createdAt\", \"Companies\".\"updatedAt\" AS \"Companies.updatedAt\" FROM \"Users\" AS \"User\" LEFT OUTER JOIN ( \"UserCompanies\" AS \"Companies->UserCompanies\" INNER JOIN \"Companies\" AS \"Companies\" ON \"Companies\".\"id\" = \"Companies->UserCompanies\".\"companyId\") ON \"User\".\"id\" = \"Companies->UserCompanies\".\"userId\" WHERE \"User\".\"id\" = '78be82ce-bc11-4702-9bae-01bd26472e02';"},"sql":"SELECT \"User\".\"id\", \"User\".\"CreatedBy\", \"User\".\"ModifiedBy\", \"User\".\"name\", \"User\".\"email\", \"User\".\"password\", \"User\".\"role\", \"User\".\"activeCompanyId\", \"User\".\"oauthOnly\", \"User\".\"failedLoginAttempts\", \"User\".\"lockedUntil\", \"User\".\"pendingEmail\", \"User\".\"emailVerificationToken\", \"User\".\"emailVerificationExpiry\", \"User\".\"notificationPreferences\", \"User\".\"createdAt\", \"User\".\"updatedAt\", \"User\".\"RoleId\", \"Companies\".\"id\" AS \"Companies.id\", \"Companies\".\"CreatedBy\" AS \"Companies.CreatedBy\", \"Companies\".\"ModifiedBy\" AS \"Companies.ModifiedBy\", \"Companies\".\"name\" AS \"Companies.name\", \"Companies\".\"gstNumber\" AS \"Companies.gstNumber\", \"Companies\".\"state\" AS \"Companies.state\", \"Companies\".\"panNumber\" AS \"Companies.panNumber\", \"Companies\".\"address\" AS \"Companies.address\", \"Companies\".\"logoUrl\" AS \"Companies.logoUrl\", \"Companies\".\"industry\" AS \"Companies.industry\", \"Companies\".\"location\" AS \"Companies.location\", \"Companies\".\"street1\" AS \"Companies.street1\", \"Companies\".\"street2\" AS \"Companies.street2\", \"Companies\".\"city\" AS \"Companies.city\", \"Companies\".\"pincode\" AS \"Companies.pincode\", \"Companies\".\"phone\" AS \"Companies.phone\", \"Companies\".\"faxNumber\" AS \"Companies.faxNumber\", \"Companies\".\"website\" AS \"Companies.website\", \"Companies\".\"baseCurrency\" AS \"Companies.baseCurrency\", \"Companies\".\"fiscalYear\" AS \"Companies.fiscalYear\", \"Companies\".\"reportBasis\" AS \"Companies.reportBasis\", \"Companies\".\"language\" AS \"Companies.language\", \"Companies\".\"timezone\" AS \"Companies.timezone\", \"Companies\".\"dateFormat\" AS \"Companies.dateFormat\", \"Companies\".\"organizationId\" AS \"Companies.organizationId\", \"Companies\".\"financialYearStart\" AS \"Companies.financialYearStart\", \"Companies\".\"booksBeginningFrom\" AS \"Companies.booksBeginningFrom\", \"Companies\".\"features\" AS \"Companies.features\", \"Companies\".\"additionalFields\" AS \"Companies.additionalFields\", \"Companies\".\"userId\" AS \"Companies.userId\", \"Companies\".\"accountType\" AS \"Companies.accountType\", \"Companies\".\"trialStartDate\" AS \"Companies.trialStartDate\", \"Companies\".\"trialEndsAt\" AS \"Companies.trialEndsAt\", \"Companies\".\"subscriptionStatus\" AS \"Companies.subscriptionStatus\", \"Companies\".\"planId\" AS \"Companies.planId\", \"Companies\".\"createdAt\" AS \"Companies.createdAt\", \"Companies\".\"updatedAt\" AS \"Companies.updatedAt\" FROM \"Users\" AS \"User\" LEFT OUTER JOIN ( \"UserCompanies\" AS \"Companies->UserCompanies\" INNER JOIN \"Companies\" AS \"Companies\" ON \"Companies\".\"id\" = \"Companies->UserCompanies\".\"companyId\") ON \"User\".\"id\" = \"Companies->UserCompanies\".\"userId\" WHERE \"User\".\"id\" = '78be82ce-bc11-4702-9bae-01bd26472e02';","parameters":{}}
Failed to fetch /me: {"name":"SequelizeDatabaseError","parent":{"length":116,"name":"error","severity":"ERROR","code":"42703","position":"225","file":"parse_relation.c","line":"3822","routine":"errorMissingColumn","sql":"SELECT \"User\".\"id\", \"User\".\"CreatedBy\", \"User\".\"ModifiedBy\", \"User\".\"name\", \"User\".\"email\", \"User\".\"password\", \"User\".\"role\", \"User\".\"activeCompanyId\", \"User\".\"oauthOnly\", \"User\".\"failedLoginAttempts\", \"User\".\"lockedUntil\", \"User\".\"pendingEmail\", \"User\".\"emailVerificationToken\", \"User\".\"emailVerificationExpiry\", \"User\".\"notificationPreferences\", \"User\".\"createdAt\", \"User\".\"updatedAt\", \"User\".\"RoleId\", \"Companies\".\"id\" AS \"Companies.id\", \"Companies\".\"CreatedBy\" AS \"Companies.CreatedBy\", \"Companies\".\"ModifiedBy\" AS \"Companies.ModifiedBy\", \"Companies\".\"name\" AS \"Companies.name\", \"Companies\".\"gstNumber\" AS \"Companies.gstNumber\", \"Companies\".\"state\" AS \"Companies.state\", \"Companies\".\"panNumber\" AS \"Companies.panNumber\", \"Companies\".\"address\" AS \"Companies.address\", \"Companies\".\"logoUrl\" AS \"Companies.logoUrl\", \"Companies\".\"industry\" AS \"Companies.industry\", \"Companies\".\"location\" AS \"Companies.location\", \"Companies\".\"street1\" AS \"Companies.street1\", \"Companies\".\"street2\" AS \"Companies.street2\", \"Companies\".\"city\" AS \"Companies.city\", \"Companies\".\"pincode\" AS \"Companies.pincode\", \"Companies\".\"phone\" AS \"Companies.phone\", \"Companies\".\"faxNumber\" AS \"Companies.faxNumber\", \"Companies\".\"website\" AS \"Companies.website\", \"Companies\".\"baseCurrency\" AS \"Companies.baseCurrency\", \"Companies\".\"fiscalYear\" AS \"Companies.fiscalYear\", \"Companies\".\"reportBasis\" AS \"Companies.reportBasis\", \"Companies\".\"language\" AS \"Companies.language\", \"Companies\".\"timezone\" AS \"Companies.timezone\", \"Companies\".\"dateFormat\" AS \"Companies.dateFormat\", \"Companies\".\"organizationId\" AS \"Companies.organizationId\", \"Companies\".\"financialYearStart\" AS \"Companies.financialYearStart\", \"Companies\".\"booksBeginningFrom\" AS \"Companies.booksBeginningFrom\", \"Companies\".\"features\" AS \"Companies.features\", \"Companies\".\"additionalFields\" AS \"Companies.additionalFields\", \"Companies\".\"userId\" AS \"Companies.userId\", \"Companies\".\"accountType\" AS \"Companies.accountType\", \"Companies\".\"trialStartDate\" AS \"Companies.trialStartDate\", \"Companies\".\"trialEndsAt\" AS \"Companies.trialEndsAt\", \"Companies\".\"subscriptionStatus\" AS \"Companies.subscriptionStatus\", \"Companies\".\"planId\" AS \"Companies.planId\", \"Companies\".\"createdAt\" AS \"Companies.createdAt\", \"Companies\".\"updatedAt\" AS \"Companies.updatedAt\" FROM \"Users\" AS \"User\" LEFT OUTER JOIN ( \"UserCompanies\" AS \"Companies->UserCompanies\" INNER JOIN \"Companies\" AS \"Companies\" ON \"Companies\".\"id\" = \"Companies->UserCompanies\".\"companyId\") ON \"User\".\"id\" = \"Companies->UserCompanies\".\"userId\" WHERE \"User\".\"id\" = '78be82ce-bc11-4702-9bae-01bd26472e02';"},"original":{"length":116,"name":"error","severity":"ERROR","code":"42703","position":"225","file":"parse_relation.c","line":"3822","routine":"errorMissingColumn","sql":"SELECT \"User\".\"id\", \"User\".\"CreatedBy\", \"User\".\"ModifiedBy\", \"User\".\"name\", \"User\".\"email\", \"User\".\"password\", \"User\".\"role\", \"User\".\"activeCompanyId\", \"User\".\"oauthOnly\", \"User\".\"failedLoginAttempts\", \"User\".\"lockedUntil\", \"User\".\"pendingEmail\", \"User\".\"emailVerificationToken\", \"User\".\"emailVerificationExpiry\", \"User\".\"notificationPreferences\", \"User\".\"createdAt\", \"User\".\"updatedAt\", \"User\".\"RoleId\", \"Companies\".\"id\" AS \"Companies.id\", \"Companies\".\"CreatedBy\" AS \"Companies.CreatedBy\", \"Companies\".\"ModifiedBy\" AS \"Companies.ModifiedBy\", \"Companies\".\"name\" AS \"Companies.name\", \"Companies\".\"gstNumber\" AS \"Companies.gstNumber\", \"Companies\".\"state\" AS \"Companies.state\", \"Companies\".\"panNumber\" AS \"Companies.panNumber\", \"Companies\".\"address\" AS \"Companies.address\", \"Companies\".\"logoUrl\" AS \"Companies.logoUrl\", \"Companies\".\"industry\" AS \"Companies.industry\", \"Companies\".\"location\" AS \"Companies.location\", \"Companies\".\"street1\" AS \"Companies.street1\", \"Companies\".\"street2\" AS \"Companies.street2\", \"Companies\".\"city\" AS \"Companies.city\", \"Companies\".\"pincode\" AS \"Companies.pincode\", \"Companies\".\"phone\" AS \"Companies.phone\", \"Companies\".\"faxNumber\" AS \"Companies.faxNumber\", \"Companies\".\"website\" AS \"Companies.website\", \"Companies\".\"baseCurrency\" AS \"Companies.baseCurrency\", \"Companies\".\"fiscalYear\" AS \"Companies.fiscalYear\", \"Companies\".\"reportBasis\" AS \"Companies.reportBasis\", \"Companies\".\"language\" AS \"Companies.language\", \"Companies\".\"timezone\" AS \"Companies.timezone\", \"Companies\".\"dateFormat\" AS \"Companies.dateFormat\", \"Companies\".\"organizationId\" AS \"Companies.organizationId\", \"Companies\".\"financialYearStart\" AS \"Companies.financialYearStart\", \"Companies\".\"booksBeginningFrom\" AS \"Companies.booksBeginningFrom\", \"Companies\".\"features\" AS \"Companies.features\", \"Companies\".\"additionalFields\" AS \"Companies.additionalFields\", \"Companies\".\"userId\" AS \"Companies.userId\", \"Companies\".\"accountType\" AS \"Companies.accountType\", \"Companies\".\"trialStartDate\" AS \"Companies.trialStartDate\", \"Companies\".\"trialEndsAt\" AS \"Companies.trialEndsAt\", \"Companies\".\"subscriptionStatus\" AS \"Companies.subscriptionStatus\", \"Companies\".\"planId\" AS \"Companies.planId\", \"Companies\".\"createdAt\" AS \"Companies.createdAt\", \"Companies\".\"updatedAt\" AS \"Companies.updatedAt\" FROM \"Users\" AS \"User\" LEFT OUTER JOIN ( \"UserCompanies\" AS \"Companies->UserCompanies\" INNER JOIN \"Companies\" AS \"Companies\" ON \"Companies\".\"id\" = \"Companies->UserCompanies\".\"companyId\") ON \"User\".\"id\" = \"Companies->UserCompanies\".\"userId\" WHERE \"User\".\"id\" = '78be82ce-bc11-4702-9bae-01bd26472e02';"},"sql":"SELECT \"User\".\"id\", \"User\".\"CreatedBy\", \"User\".\"ModifiedBy\", \"User\".\"name\", \"User\".\"email\", \"User\".\"password\", \"User\".\"role\", \"User\".\"activeCompanyId\", \"User\".\"oauthOnly\", \"User\".\"failedLoginAttempts\", \"User\".\"lockedUntil\", \"User\".\"pendingEmail\", \"User\".\"emailVerificationToken\", \"User\".\"emailVerificationExpiry\", \"User\".\"notificationPreferences\", \"User\".\"createdAt\", \"User\".\"updatedAt\", \"User\".\"RoleId\", \"Companies\".\"id\" AS \"Companies.id\", \"Companies\".\"CreatedBy\" AS \"Companies.CreatedBy\", \"Companies\".\"ModifiedBy\" AS \"Companies.ModifiedBy\", \"Companies\".\"name\" AS \"Companies.name\", \"Companies\".\"gstNumber\" AS \"Companies.gstNumber\", \"Companies\".\"state\" AS \"Companies.state\", \"Companies\".\"panNumber\" AS \"Companies.panNumber\", \"Companies\".\"address\" AS \"Companies.address\", \"Companies\".\"logoUrl\" AS \"Companies.logoUrl\", \"Companies\".\"industry\" AS \"Companies.industry\", \"Companies\".\"location\" AS \"Companies.location\", \"Companies\".\"street1\" AS \"Companies.street1\", \"Companies\".\"street2\" AS \"Companies.street2\", \"Companies\".\"city\" AS \"Companies.city\", \"Companies\".\"pincode\" AS \"Companies.pincode\", \"Companies\".\"phone\" AS \"Companies.phone\", \"Companies\".\"faxNumber\" AS \"Companies.faxNumber\", \"Companies\".\"website\" AS \"Companies.website\", \"Companies\".\"baseCurrency\" AS \"Companies.baseCurrency\", \"Companies\".\"fiscalYear\" AS \"Companies.fiscalYear\", \"Companies\".\"reportBasis\" AS \"Companies.reportBasis\", \"Companies\".\"language\" AS \"Companies.language\", \"Companies\".\"timezone\" AS \"Companies.timezone\", \"Companies\".\"dateFormat\" AS \"Companies.dateFormat\", \"Companies\".\"organizationId\" AS \"Companies.organizationId\", \"Companies\".\"financialYearStart\" AS \"Companies.financialYearStart\", \"Companies\".\"booksBeginningFrom\" AS \"Companies.booksBeginningFrom\", \"Companies\".\"features\" AS \"Companies.features\", \"Companies\".\"additionalFields\" AS \"Companies.additionalFields\", \"Companies\".\"userId\" AS \"Companies.userId\", \"Companies\".\"accountType\" AS \"Companies.accountType\", \"Companies\".\"trialStartDate\" AS \"Companies.trialStartDate\", \"Companies\".\"trialEndsAt\" AS \"Companies.trialEndsAt\", \"Companies\".\"subscriptionStatus\" AS \"Companies.subscriptionStatus\", \"Companies\".\"planId\" AS \"Companies.planId\", \"Companies\".\"createdAt\" AS \"Companies.createdAt\", \"Companies\".\"updatedAt\" AS \"Companies.updatedAt\" FROM \"Users\" AS \"User\" LEFT OUTER JOIN ( \"UserCompanies\" AS \"Companies->UserCompanies\" INNER JOIN \"Companies\" AS \"Companies\" ON \"Companies\".\"id\" = \"Companies->UserCompanies\".\"companyId\") ON \"User\".\"id\" = \"Companies->UserCompanies\".\"userId\" WHERE \"User\".\"id\" = '78be82ce-bc11-4702-9bae-01bd26472e02';","parameters":{}}
[AUTH-LOGIN-28a864b5f578] column User.pendingEmail does not exist Error
    at Query.run (C:\Users\navee\OneDrive\Desktop\tally\Tally_accounting\backend\node_modules\sequelize\lib\dialects\postgres\query.js:50:25)
    at C:\Users\navee\OneDrive\Desktop\tally\Tally_accounting\backend\node_modules\sequelize\lib\sequelize.js:315:28
    at async PostgresQueryInterface.select (C:\Users\navee\OneDrive\Desktop\tally\Tally_accounting\backend\node_modules\sequelize\lib\dialects\abstract\query-interface.js:407:12)
    at async User.findAll (C:\Users\navee\OneDrive\Desktop\tally\Tally_accounting\backend\node_modules\sequelize\lib\model.js:1140:21)
    at async User.findOne (C:\Users\navee\OneDrive\Desktop\tally\Tally_accounting\backend\node_modules\sequelize\lib\model.js:1240:12)
    at async exports.login (C:\Users\navee\OneDrive\Desktop\tally\Tally_accounting\backend\modules\auth\auth.controller.js:188:18)
[AUTH-LOGIN-68f6c226445c] column User.pendingEmail does not exist Error
    at Query.run (C:\Users\navee\OneDrive\Desktop\tally\Tally_accounting\backend\node_modules\sequelize\lib\dialects\postgres\query.js:50:25)
    at C:\Users\navee\OneDrive\Desktop\tally\Tally_accounting\backend\node_modules\sequelize\lib\sequelize.js:315:28
    at async PostgresQueryInterface.select (C:\Users\navee\OneDrive\Desktop\tally\Tally_accounting\backend\node_modules\sequelize\lib\dialects\abstract\query-interface.js:407:12)
    at async User.findAll (C:\Users\navee\OneDrive\Desktop\tally\Tally_accounting\backend\node_modules\sequelize\lib\model.js:1140:21)
    at async User.findOne (C:\Users\navee\OneDrive\Desktop\tally\Tally_accounting\backend\node_modules\sequelize\lib\model.js:1240:12)
    at async exports.login (C:\Users\navee\OneDrive\Desktop\tally\Tally_accounting\backend\modules\auth\auth.controller.js:188:18)
[ERROR-ea8cc873fff7d74e] {"message":"column User.pendingEmail does not exist","stack":"Error\n    at Query.run (C:\\Users\\navee\\OneDrive\\Desktop\\tally\\Tally_accounting\\backend\\node_modules\\sequelize\\lib\\dialects\\postgres\\query.js:50:25)\n    at C:\\Users\\navee\\OneDrive\\Desktop\\tally\\Tally_accounting\\backend\\node_modules\\sequelize\\lib\\sequelize.js:315:28\n    at async PostgresQueryInterface.select (C:\\Users\\navee\\OneDrive\\Desktop\\tally\\Tally_accounting\\backend\\node_modules\\sequelize\\lib\\dialects\\abstract\\query-interface.js:407:12)\n    at async User.findAll (C:\\Users\\navee\\OneDrive\\Desktop\\tally\\Tally_accounting\\backend\\node_modules\\sequelize\\lib\\model.js:1140:21)\n    at async User.findOne (C:\\Users\\navee\\OneDrive\\Desktop\\tally\\Tally_accounting\\backend\\node_modules\\sequelize\\lib\\model.js:1240:12)\n    at async User.findByPk (C:\\Users\\navee\\OneDrive\\Desktop\\tally\\Tally_accounting\\backend\\node_modules\\sequelize\\lib\\model.js:1221:12)\n    at async exports.tenantAccess (C:\\Users\\navee\\OneDrive\\Desktop\\tally\\Tally_accounting\\backend\\middleware\\auth.middleware.js:97:18)","path":"/api/companies/9e2261ae-dd0a-47f9-b14d-5c6fb9dfb505","method":"GET","user":"78be82ce-bc11-4702-9bae-01bd26472e02"}
[AUTH-LOGIN-2628edb845f5] column User.pendingEmail does not exist Error
    at Query.run (C:\Users\navee\OneDrive\Desktop\tally\Tally_accounting\backend\node_modules\sequelize\lib\dialects\postgres\query.js:50:25)
    at C:\Users\navee\OneDrive\Desktop\tally\Tally_accounting\backend\node_modules\sequelize\lib\sequelize.js:315:28
    at async PostgresQueryInterface.select (C:\Users\navee\OneDrive\Desktop\tally\Tally_accounting\backend\node_modules\sequelize\lib\dialects\abstract\query-interface.js:407:12)
    at async User.findAll (C:\Users\navee\OneDrive\Desktop\tally\Tally_accounting\backend\node_modules\sequelize\lib\model.js:1140:21)
    at async User.findOne (C:\Users\navee\OneDrive\Desktop\tally\Tally_accounting\backend\node_modules\sequelize\lib\model.js:1240:12)
    at async exports.login (C:\Users\navee\OneDrive\Desktop\tally\Tally_accounting\backend\modules\auth\auth.controller.js:188:18)
[AUTH-LOGIN-41a84270c36d] column User.pendingEmail does not exist Error
    at Query.run (C:\Users\navee\OneDrive\Desktop\tally\Tally_accounting\backend\node_modules\sequelize\lib\dialects\postgres\query.js:50:25)
    at C:\Users\navee\OneDrive\Desktop\tally\Tally_accounting\backend\node_modules\sequelize\lib\sequelize.js:315:28
    at async PostgresQueryInterface.select (C:\Users\navee\OneDrive\Desktop\tally\Tally_accounting\backend\node_modules\sequelize\lib\dialects\abstract\query-interface.js:407:12)
    at async User.findAll (C:\Users\navee\OneDrive\Desktop\tally\Tally_accounting\backend\node_modules\sequelize\lib\model.js:1140:21)
    at async User.findOne (C:\Users\navee\OneDrive\Desktop\tally\Tally_accounting\backend\node_modules\sequelize\lib\model.js:1240:12)
    at async exports.login (C:\Users\navee\OneDrive\Desktop\tally\Tally_accounting\backend\modules\auth\auth.controller.js:188:18)
[ERROR-db259315454ed9f4] {"message":"column User.pendingEmail does not exist","stack":"Error\n    at Query.run (C:\\Users\\navee\\OneDrive\\Desktop\\tally\\Tally_accounting\\backend\\node_modules\\sequelize\\lib\\dialects\\postgres\\query.js:50:25)\n    at C:\\Users\\navee\\OneDrive\\Desktop\\tally\\Tally_accounting\\backend\\node_modules\\sequelize\\lib\\sequelize.js:315:28\n    at process.processTicksAndRejections (node:internal/process/task_queues:105:5)\n    at async PostgresQueryInterface.select (C:\\Users\\navee\\OneDrive\\Desktop\\tally\\Tally_accounting\\backend\\node_modules\\sequelize\\lib\\dialects\\abstract\\query-interface.js:407:12)\n    at async User.findAll (C:\\Users\\navee\\OneDrive\\Desktop\\tally\\Tally_accounting\\backend\\node_modules\\sequelize\\lib\\model.js:1140:21)\n    at async User.findOne (C:\\Users\\navee\\OneDrive\\Desktop\\tally\\Tally_accounting\\backend\\node_modules\\sequelize\\lib\\model.js:1240:12)\n    at async User.findByPk (C:\\Users\\navee\\OneDrive\\Desktop\\tally\\Tally_accounting\\backend\\node_modules\\sequelize\\lib\\model.js:1221:12)\n    at async exports.tenantAccess (C:\\Users\\navee\\OneDrive\\Desktop\\tally\\Tally_accounting\\backend\\middleware\\auth.middleware.js:97:18)","path":"/api/companies/9e2261ae-dd0a-47f9-b14d-5c6fb9dfb505","method":"GET","user":"78be82ce-bc11-4702-9bae-01bd26472e02"}
[ERROR-61db582cda6ada45] {"message":"column User.pendingEmail does not exist","stack":"Error\n    at Query.run (C:\\Users\\navee\\OneDrive\\Desktop\\tally\\Tally_accounting\\backend\\node_modules\\sequelize\\lib\\dialects\\postgres\\query.js:50:25)\n    at C:\\Users\\navee\\OneDrive\\Desktop\\tally\\Tally_accounting\\backend\\node_modules\\sequelize\\lib\\sequelize.js:315:28\n    at async PostgresQueryInterface.select (C:\\Users\\navee\\OneDrive\\Desktop\\tally\\Tally_accounting\\backend\\node_modules\\sequelize\\lib\\dialects\\abstract\\query-interface.js:407:12)\n    at async User.findAll (C:\\Users\\navee\\OneDrive\\Desktop\\tally\\Tally_accounting\\backend\\node_modules\\sequelize\\lib\\model.js:1140:21)\n    at async User.findOne (C:\\Users\\navee\\OneDrive\\Desktop\\tally\\Tally_accounting\\backend\\node_modules\\sequelize\\lib\\model.js:1240:12)\n    at async User.findByPk (C:\\Users\\navee\\OneDrive\\Desktop\\tally\\Tally_accounting\\backend\\node_modules\\sequelize\\lib\\model.js:1221:12)\n    at async exports.getCompanyById (C:\\Users\\navee\\OneDrive\\Desktop\\tally\\Tally_accounting\\backend\\modules\\company\\company.controller.js:198:20)","path":"/api/companies/9e2261ae-dd0a-47f9-b14d-5c6fb9dfb505","method":"GET","user":"78be82ce-bc11-4702-9bae-01bd26472e02"}
Failed to fetch /me: {"name":"SequelizeDatabaseError","parent":{"length":116,"name":"error","severity":"ERROR","code":"42703","position":"225","file":"parse_relation.c","line":"3822","routine":"errorMissingColumn","sql":"SELECT \"User\".\"id\", \"User\".\"CreatedBy\", \"User\".\"ModifiedBy\", \"User\".\"name\", \"User\".\"email\", \"User\".\"password\", \"User\".\"role\", \"User\".\"activeCompanyId\", \"User\".\"oauthOnly\", \"User\".\"failedLoginAttempts\", \"User\".\"lockedUntil\", \"User\".\"pendingEmail\", \"User\".\"emailVerificationToken\", \"User\".\"emailVerificationExpiry\", \"User\".\"notificationPreferences\", \"User\".\"createdAt\", \"User\".\"updatedAt\", \"User\".\"RoleId\", \"Companies\".\"id\" AS \"Companies.id\", \"Companies\".\"CreatedBy\" AS \"Companies.CreatedBy\", \"Companies\".\"ModifiedBy\" AS \"Companies.ModifiedBy\", \"Companies\".\"name\" AS \"Companies.name\", \"Companies\".\"gstNumber\" AS \"Companies.gstNumber\", \"Companies\".\"state\" AS \"Companies.state\", \"Companies\".\"panNumber\" AS \"Companies.panNumber\", \"Companies\".\"address\" AS \"Companies.address\", \"Companies\".\"logoUrl\" AS \"Companies.logoUrl\", \"Companies\".\"industry\" AS \"Companies.industry\", \"Companies\".\"location\" AS \"Companies.location\", \"Companies\".\"street1\" AS \"Companies.street1\", \"Companies\".\"street2\" AS \"Companies.street2\", \"Companies\".\"city\" AS \"Companies.city\", \"Companies\".\"pincode\" AS \"Companies.pincode\", \"Companies\".\"phone\" AS \"Companies.phone\", \"Companies\".\"faxNumber\" AS \"Companies.faxNumber\", \"Companies\".\"website\" AS \"Companies.website\", \"Companies\".\"baseCurrency\" AS \"Companies.baseCurrency\", \"Companies\".\"fiscalYear\" AS \"Companies.fiscalYear\", \"Companies\".\"reportBasis\" AS \"Companies.reportBasis\", \"Companies\".\"language\" AS \"Companies.language\", \"Companies\".\"timezone\" AS \"Companies.timezone\", \"Companies\".\"dateFormat\" AS \"Companies.dateFormat\", \"Companies\".\"organizationId\" AS \"Companies.organizationId\", \"Companies\".\"financialYearStart\" AS \"Companies.financialYearStart\", \"Companies\".\"booksBeginningFrom\" AS \"Companies.booksBeginningFrom\", \"Companies\".\"features\" AS \"Companies.features\", \"Companies\".\"additionalFields\" AS \"Companies.additionalFields\", \"Companies\".\"userId\" AS \"Companies.userId\", \"Companies\".\"accountType\" AS \"Companies.accountType\", \"Companies\".\"trialStartDate\" AS \"Companies.trialStartDate\", \"Companies\".\"trialEndsAt\" AS \"Companies.trialEndsAt\", \"Companies\".\"subscriptionStatus\" AS \"Companies.subscriptionStatus\", \"Companies\".\"planId\" AS \"Companies.planId\", \"Companies\".\"createdAt\" AS \"Companies.createdAt\", \"Companies\".\"updatedAt\" AS \"Companies.updatedAt\" FROM \"Users\" AS \"User\" LEFT OUTER JOIN ( \"UserCompanies\" AS \"Companies->UserCompanies\" INNER JOIN \"Companies\" AS \"Companies\" ON \"Companies\".\"id\" = \"Companies->UserCompanies\".\"companyId\") ON \"User\".\"id\" = \"Companies->UserCompanies\".\"userId\" WHERE \"User\".\"id\" = '78be82ce-bc11-4702-9bae-01bd26472e02';"},"original":{"length":116,"name":"error","severity":"ERROR","code":"42703","position":"225","file":"parse_relation.c","line":"3822","routine":"errorMissingColumn","sql":"SELECT \"User\".\"id\", \"User\".\"CreatedBy\", \"User\".\"ModifiedBy\", \"User\".\"name\", \"User\".\"email\", \"User\".\"password\", \"User\".\"role\", \"User\".\"activeCompanyId\", \"User\".\"oauthOnly\", \"User\".\"failedLoginAttempts\", \"User\".\"lockedUntil\", \"User\".\"pendingEmail\", \"User\".\"emailVerificationToken\", \"User\".\"emailVerificationExpiry\", \"User\".\"notificationPreferences\", \"User\".\"createdAt\", \"User\".\"updatedAt\", \"User\".\"RoleId\", \"Companies\".\"id\" AS \"Companies.id\", \"Companies\".\"CreatedBy\" AS \"Companies.CreatedBy\", \"Companies\".\"ModifiedBy\" AS \"Companies.ModifiedBy\", \"Companies\".\"name\" AS \"Companies.name\", \"Companies\".\"gstNumber\" AS \"Companies.gstNumber\", \"Companies\".\"state\" AS \"Companies.state\", \"Companies\".\"panNumber\" AS \"Companies.panNumber\", \"Companies\".\"address\" AS \"Companies.address\", \"Companies\".\"logoUrl\" AS \"Companies.logoUrl\", \"Companies\".\"industry\" AS \"Companies.industry\", \"Companies\".\"location\" AS \"Companies.location\", \"Companies\".\"street1\" AS \"Companies.street1\", \"Companies\".\"street2\" AS \"Companies.street2\", \"Companies\".\"city\" AS \"Companies.city\", \"Companies\".\"pincode\" AS \"Companies.pincode\", \"Companies\".\"phone\" AS \"Companies.phone\", \"Companies\".\"faxNumber\" AS \"Companies.faxNumber\", \"Companies\".\"website\" AS \"Companies.website\", \"Companies\".\"baseCurrency\" AS \"Companies.baseCurrency\", \"Companies\".\"fiscalYear\" AS \"Companies.fiscalYear\", \"Companies\".\"reportBasis\" AS \"Companies.reportBasis\", \"Companies\".\"language\" AS \"Companies.language\", \"Companies\".\"timezone\" AS \"Companies.timezone\", \"Companies\".\"dateFormat\" AS \"Companies.dateFormat\", \"Companies\".\"organizationId\" AS \"Companies.organizationId\", \"Companies\".\"financialYearStart\" AS \"Companies.financialYearStart\", \"Companies\".\"booksBeginningFrom\" AS \"Companies.booksBeginningFrom\", \"Companies\".\"features\" AS \"Companies.features\", \"Companies\".\"additionalFields\" AS \"Companies.additionalFields\", \"Companies\".\"userId\" AS \"Companies.userId\", \"Companies\".\"accountType\" AS \"Companies.accountType\", \"Companies\".\"trialStartDate\" AS \"Companies.trialStartDate\", \"Companies\".\"trialEndsAt\" AS \"Companies.trialEndsAt\", \"Companies\".\"subscriptionStatus\" AS \"Companies.subscriptionStatus\", \"Companies\".\"planId\" AS \"Companies.planId\", \"Companies\".\"createdAt\" AS \"Companies.createdAt\", \"Companies\".\"updatedAt\" AS \"Companies.updatedAt\" FROM \"Users\" AS \"User\" LEFT OUTER JOIN ( \"UserCompanies\" AS \"Companies->UserCompanies\" INNER JOIN \"Companies\" AS \"Companies\" ON \"Companies\".\"id\" = \"Companies->UserCompanies\".\"companyId\") ON \"User\".\"id\" = \"Companies->UserCompanies\".\"userId\" WHERE \"User\".\"id\" = '78be82ce-bc11-4702-9bae-01bd26472e02';"},"sql":"SELECT \"User\".\"id\", \"User\".\"CreatedBy\", \"User\".\"ModifiedBy\", \"User\".\"name\", \"User\".\"email\", \"User\".\"password\", \"User\".\"role\", \"User\".\"activeCompanyId\", \"User\".\"oauthOnly\", \"User\".\"failedLoginAttempts\", \"User\".\"lockedUntil\", \"User\".\"pendingEmail\", \"User\".\"emailVerificationToken\", \"User\".\"emailVerificationExpiry\", \"User\".\"notificationPreferences\", \"User\".\"createdAt\", \"User\".\"updatedAt\", \"User\".\"RoleId\", \"Companies\".\"id\" AS \"Companies.id\", \"Companies\".\"CreatedBy\" AS \"Companies.CreatedBy\", \"Companies\".\"ModifiedBy\" AS \"Companies.ModifiedBy\", \"Companies\".\"name\" AS \"Companies.name\", \"Companies\".\"gstNumber\" AS \"Companies.gstNumber\", \"Companies\".\"state\" AS \"Companies.state\", \"Companies\".\"panNumber\" AS \"Companies.panNumber\", \"Companies\".\"address\" AS \"Companies.address\", \"Companies\".\"logoUrl\" AS \"Companies.logoUrl\", \"Companies\".\"industry\" AS \"Companies.industry\", \"Companies\".\"location\" AS \"Companies.location\", \"Companies\".\"street1\" AS \"Companies.street1\", \"Companies\".\"street2\" AS \"Companies.street2\", \"Companies\".\"city\" AS \"Companies.city\", \"Companies\".\"pincode\" AS \"Companies.pincode\", \"Companies\".\"phone\" AS \"Companies.phone\", \"Companies\".\"faxNumber\" AS \"Companies.faxNumber\", \"Companies\".\"website\" AS \"Companies.website\", \"Companies\".\"baseCurrency\" AS \"Companies.baseCurrency\", \"Companies\".\"fiscalYear\" AS \"Companies.fiscalYear\", \"Companies\".\"reportBasis\" AS \"Companies.reportBasis\", \"Companies\".\"language\" AS \"Companies.language\", \"Companies\".\"timezone\" AS \"Companies.timezone\", \"Companies\".\"dateFormat\" AS \"Companies.dateFormat\", \"Companies\".\"organizationId\" AS \"Companies.organizationId\", \"Companies\".\"financialYearStart\" AS \"Companies.financialYearStart\", \"Companies\".\"booksBeginningFrom\" AS \"Companies.booksBeginningFrom\", \"Companies\".\"features\" AS \"Companies.features\", \"Companies\".\"additionalFields\" AS \"Companies.additionalFields\", \"Companies\".\"userId\" AS \"Companies.userId\", \"Companies\".\"accountType\" AS \"Companies.accountType\", \"Companies\".\"trialStartDate\" AS \"Companies.trialStartDate\", \"Companies\".\"trialEndsAt\" AS \"Companies.trialEndsAt\", \"Companies\".\"subscriptionStatus\" AS \"Companies.subscriptionStatus\", \"Companies\".\"planId\" AS \"Companies.planId\", \"Companies\".\"createdAt\" AS \"Companies.createdAt\", \"Companies\".\"updatedAt\" AS \"Companies.updatedAt\" FROM \"Users\" AS \"User\" LEFT OUTER JOIN ( \"UserCompanies\" AS \"Companies->UserCompanies\" INNER JOIN \"Companies\" AS \"Companies\" ON \"Companies\".\"id\" = \"Companies->UserCompanies\".\"companyId\") ON \"User\".\"id\" = \"Companies->UserCompanies\".\"userId\" WHERE \"User\".\"id\" = '78be82ce-bc11-4702-9bae-01bd26472e02';","parameters":{}}
Failed to fetch /me: {"name":"SequelizeDatabaseError","parent":{"length":116,"name":"error","severity":"ERROR","code":"42703","position":"225","file":"parse_relation.c","line":"3822","routine":"errorMissingColumn","sql":"SELECT \"User\".\"id\", \"User\".\"CreatedBy\", \"User\".\"ModifiedBy\", \"User\".\"name\", \"User\".\"email\", \"User\".\"password\", \"User\".\"role\", \"User\".\"activeCompanyId\", \"User\".\"oauthOnly\", \"User\".\"failedLoginAttempts\", \"User\".\"lockedUntil\", \"User\".\"pendingEmail\", \"User\".\"emailVerificationToken\", \"User\".\"emailVerificationExpiry\", \"User\".\"notificationPreferences\", \"User\".\"createdAt\", \"User\".\"updatedAt\", \"User\".\"RoleId\", \"Companies\".\"id\" AS \"Companies.id\", \"Companies\".\"CreatedBy\" AS \"Companies.CreatedBy\", \"Companies\".\"ModifiedBy\" AS \"Companies.ModifiedBy\", \"Companies\".\"name\" AS \"Companies.name\", \"Companies\".\"gstNumber\" AS \"Companies.gstNumber\", \"Companies\".\"state\" AS \"Companies.state\", \"Companies\".\"panNumber\" AS \"Companies.panNumber\", \"Companies\".\"address\" AS \"Companies.address\", \"Companies\".\"logoUrl\" AS \"Companies.logoUrl\", \"Companies\".\"industry\" AS \"Companies.industry\", \"Companies\".\"location\" AS \"Companies.location\", \"Companies\".\"street1\" AS \"Companies.street1\", \"Companies\".\"street2\" AS \"Companies.street2\", \"Companies\".\"city\" AS \"Companies.city\", \"Companies\".\"pincode\" AS \"Companies.pincode\", \"Companies\".\"phone\" AS \"Companies.phone\", \"Companies\".\"faxNumber\" AS \"Companies.faxNumber\", \"Companies\".\"website\" AS \"Companies.website\", \"Companies\".\"baseCurrency\" AS \"Companies.baseCurrency\", \"Companies\".\"fiscalYear\" AS \"Companies.fiscalYear\", \"Companies\".\"reportBasis\" AS \"Companies.reportBasis\", \"Companies\".\"language\" AS \"Companies.language\", \"Companies\".\"timezone\" AS \"Companies.timezone\", \"Companies\".\"dateFormat\" AS \"Companies.dateFormat\", \"Companies\".\"organizationId\" AS \"Companies.organizationId\", \"Companies\".\"financialYearStart\" AS \"Companies.financialYearStart\", \"Companies\".\"booksBeginningFrom\" AS \"Companies.booksBeginningFrom\", \"Companies\".\"features\" AS \"Companies.features\", \"Companies\".\"additionalFields\" AS \"Companies.additionalFields\", \"Companies\".\"userId\" AS \"Companies.userId\", \"Companies\".\"accountType\" AS \"Companies.accountType\", \"Companies\".\"trialStartDate\" AS \"Companies.trialStartDate\", \"Companies\".\"trialEndsAt\" AS \"Companies.trialEndsAt\", \"Companies\".\"subscriptionStatus\" AS \"Companies.subscriptionStatus\", \"Companies\".\"planId\" AS \"Companies.planId\", \"Companies\".\"createdAt\" AS \"Companies.createdAt\", \"Companies\".\"updatedAt\" AS \"Companies.updatedAt\" FROM \"Users\" AS \"User\" LEFT OUTER JOIN ( \"UserCompanies\" AS \"Companies->UserCompanies\" INNER JOIN \"Companies\" AS \"Companies\" ON \"Companies\".\"id\" = \"Companies->UserCompanies\".\"companyId\") ON \"User\".\"id\" = \"Companies->UserCompanies\".\"userId\" WHERE \"User\".\"id\" = '78be82ce-bc11-4702-9bae-01bd26472e02';"},"original":{"length":116,"name":"error","severity":"ERROR","code":"42703","position":"225","file":"parse_relation.c","line":"3822","routine":"errorMissingColumn","sql":"SELECT \"User\".\"id\", \"User\".\"CreatedBy\", \"User\".\"ModifiedBy\", \"User\".\"name\", \"User\".\"email\", \"User\".\"password\", \"User\".\"role\", \"User\".\"activeCompanyId\", \"User\".\"oauthOnly\", \"User\".\"failedLoginAttempts\", \"User\".\"lockedUntil\", \"User\".\"pendingEmail\", \"User\".\"emailVerificationToken\", \"User\".\"emailVerificationExpiry\", \"User\".\"notificationPreferences\", \"User\".\"createdAt\", \"User\".\"updatedAt\", \"User\".\"RoleId\", \"Companies\".\"id\" AS \"Companies.id\", \"Companies\".\"CreatedBy\" AS \"Companies.CreatedBy\", \"Companies\".\"ModifiedBy\" AS \"Companies.ModifiedBy\", \"Companies\".\"name\" AS \"Companies.name\", \"Companies\".\"gstNumber\" AS \"Companies.gstNumber\", \"Companies\".\"state\" AS \"Companies.state\", \"Companies\".\"panNumber\" AS \"Companies.panNumber\", \"Companies\".\"address\" AS \"Companies.address\", \"Companies\".\"logoUrl\" AS \"Companies.logoUrl\", \"Companies\".\"industry\" AS \"Companies.industry\", \"Companies\".\"location\" AS \"Companies.location\", \"Companies\".\"street1\" AS \"Companies.street1\", \"Companies\".\"street2\" AS \"Companies.street2\", \"Companies\".\"city\" AS \"Companies.city\", \"Companies\".\"pincode\" AS \"Companies.pincode\", \"Companies\".\"phone\" AS \"Companies.phone\", \"Companies\".\"faxNumber\" AS \"Companies.faxNumber\", \"Companies\".\"website\" AS \"Companies.website\", \"Companies\".\"baseCurrency\" AS \"Companies.baseCurrency\", \"Companies\".\"fiscalYear\" AS \"Companies.fiscalYear\", \"Companies\".\"reportBasis\" AS \"Companies.reportBasis\", \"Companies\".\"language\" AS \"Companies.language\", \"Companies\".\"timezone\" AS \"Companies.timezone\", \"Companies\".\"dateFormat\" AS \"Companies.dateFormat\", \"Companies\".\"organizationId\" AS \"Companies.organizationId\", \"Companies\".\"financialYearStart\" AS \"Companies.financialYearStart\", \"Companies\".\"booksBeginningFrom\" AS \"Companies.booksBeginningFrom\", \"Companies\".\"features\" AS \"Companies.features\", \"Companies\".\"additionalFields\" AS \"Companies.additionalFields\", \"Companies\".\"userId\" AS \"Companies.userId\", \"Companies\".\"accountType\" AS \"Companies.accountType\", \"Companies\".\"trialStartDate\" AS \"Companies.trialStartDate\", \"Companies\".\"trialEndsAt\" AS \"Companies.trialEndsAt\", \"Companies\".\"subscriptionStatus\" AS \"Companies.subscriptionStatus\", \"Companies\".\"planId\" AS \"Companies.planId\", \"Companies\".\"createdAt\" AS \"Companies.createdAt\", \"Companies\".\"updatedAt\" AS \"Companies.updatedAt\" FROM \"Users\" AS \"User\" LEFT OUTER JOIN ( \"UserCompanies\" AS \"Companies->UserCompanies\" INNER JOIN \"Companies\" AS \"Companies\" ON \"Companies\".\"id\" = \"Companies->UserCompanies\".\"companyId\") ON \"User\".\"id\" = \"Companies->UserCompanies\".\"userId\" WHERE \"User\".\"id\" = '78be82ce-bc11-4702-9bae-01bd26472e02';"},"sql":"SELECT \"User\".\"id\", \"User\".\"CreatedBy\", \"User\".\"ModifiedBy\", \"User\".\"name\", \"User\".\"email\", \"User\".\"password\", \"User\".\"role\", \"User\".\"activeCompanyId\", \"User\".\"oauthOnly\", \"User\".\"failedLoginAttempts\", \"User\".\"lockedUntil\", \"User\".\"pendingEmail\", \"User\".\"emailVerificationToken\", \"User\".\"emailVerificationExpiry\", \"User\".\"notificationPreferences\", \"User\".\"createdAt\", \"User\".\"updatedAt\", \"User\".\"RoleId\", \"Companies\".\"id\" AS \"Companies.id\", \"Companies\".\"CreatedBy\" AS \"Companies.CreatedBy\", \"Companies\".\"ModifiedBy\" AS \"Companies.ModifiedBy\", \"Companies\".\"name\" AS \"Companies.name\", \"Companies\".\"gstNumber\" AS \"Companies.gstNumber\", \"Companies\".\"state\" AS \"Companies.state\", \"Companies\".\"panNumber\" AS \"Companies.panNumber\", \"Companies\".\"address\" AS \"Companies.address\", \"Companies\".\"logoUrl\" AS \"Companies.logoUrl\", \"Companies\".\"industry\" AS \"Companies.industry\", \"Companies\".\"location\" AS \"Companies.location\", \"Companies\".\"street1\" AS \"Companies.street1\", \"Companies\".\"street2\" AS \"Companies.street2\", \"Companies\".\"city\" AS \"Companies.city\", \"Companies\".\"pincode\" AS \"Companies.pincode\", \"Companies\".\"phone\" AS \"Companies.phone\", \"Companies\".\"faxNumber\" AS \"Companies.faxNumber\", \"Companies\".\"website\" AS \"Companies.website\", \"Companies\".\"baseCurrency\" AS \"Companies.baseCurrency\", \"Companies\".\"fiscalYear\" AS \"Companies.fiscalYear\", \"Companies\".\"reportBasis\" AS \"Companies.reportBasis\", \"Companies\".\"language\" AS \"Companies.language\", \"Companies\".\"timezone\" AS \"Companies.timezone\", \"Companies\".\"dateFormat\" AS \"Companies.dateFormat\", \"Companies\".\"organizationId\" AS \"Companies.organizationId\", \"Companies\".\"financialYearStart\" AS \"Companies.financialYearStart\", \"Companies\".\"booksBeginningFrom\" AS \"Companies.booksBeginningFrom\", \"Companies\".\"features\" AS \"Companies.features\", \"Companies\".\"additionalFields\" AS \"Companies.additionalFields\", \"Companies\".\"userId\" AS \"Companies.userId\", \"Companies\".\"accountType\" AS \"Companies.accountType\", \"Companies\".\"trialStartDate\" AS \"Companies.trialStartDate\", \"Companies\".\"trialEndsAt\" AS \"Companies.trialEndsAt\", \"Companies\".\"subscriptionStatus\" AS \"Companies.subscriptionStatus\", \"Companies\".\"planId\" AS \"Companies.planId\", \"Companies\".\"createdAt\" AS \"Companies.createdAt\", \"Companies\".\"updatedAt\" AS \"Companies.updatedAt\" FROM \"Users\" AS \"User\" LEFT OUTER JOIN ( \"UserCompanies\" AS \"Companies->UserCompanies\" INNER JOIN \"Companies\" AS \"Companies\" ON \"Companies\".\"id\" = \"Companies->UserCompanies\".\"companyId\") ON \"User\".\"id\" = \"Companies->UserCompanies\".\"userId\" WHERE \"User\".\"id\" = '78be82ce-bc11-4702-9bae-01bd26472e02';","parameters":{}}
[AUTH-LOGIN-333180d59e36] column User.pendingEmail does not exist Error
    at Query.run (C:\Users\navee\OneDrive\Desktop\tally\Tally_accounting\backend\node_modules\sequelize\lib\dialects\postgres\query.js:50:25)
    at C:\Users\navee\OneDrive\Desktop\tally\Tally_accounting\backend\node_modules\sequelize\lib\sequelize.js:315:28
    at async PostgresQueryInterface.select (C:\Users\navee\OneDrive\Desktop\tally\Tally_accounting\backend\node_modules\sequelize\lib\dialects\abstract\query-interface.js:407:12)
    at async User.findAll (C:\Users\navee\OneDrive\Desktop\tally\Tally_accounting\backend\node_modules\sequelize\lib\model.js:1140:21)
    at async User.findOne (C:\Users\navee\OneDrive\Desktop\tally\Tally_accounting\backend\node_modules\sequelize\lib\model.js:1240:12)
    at async exports.login (C:\Users\navee\OneDrive\Desktop\tally\Tally_accounting\backend\modules\auth\auth.controller.js:188:18)
❌ Failed to bind to PORT: 5000 {"code":"EADDRINUSE","errno":-4091,"syscall":"listen","address":"0.0.0.0","port":5000}
❌ Failed to bind to PORT: 5000 {"code":"EADDRINUSE","errno":-4091,"syscall":"listen","address":"0.0.0.0","port":5000}
[AUTH-LOGIN-6134f276701c] column User.pendingEmail does not exist Error
    at Query.run (C:\Users\user\Documents\Tally_main_new\Tally_accounting\backend\node_modules\sequelize\lib\dialects\postgres\query.js:50:25)
    at C:\Users\user\Documents\Tally_main_new\Tally_accounting\backend\node_modules\sequelize\lib\sequelize.js:315:28
    at async PostgresQueryInterface.select (C:\Users\user\Documents\Tally_main_new\Tally_accounting\backend\node_modules\sequelize\lib\dialects\abstract\query-interface.js:407:12)
    at async User.findAll (C:\Users\user\Documents\Tally_main_new\Tally_accounting\backend\node_modules\sequelize\lib\model.js:1140:21)
    at async User.findOne (C:\Users\user\Documents\Tally_main_new\Tally_accounting\backend\node_modules\sequelize\lib\model.js:1240:12)
    at async exports.login (C:\Users\user\Documents\Tally_main_new\Tally_accounting\backend\modules\auth\auth.controller.js:188:18)
[AUTH-LOGIN-3e92a32b8417] column User.pendingEmail does not exist Error
    at Query.run (C:\Users\user\Documents\Tally_main_new\Tally_accounting\backend\node_modules\sequelize\lib\dialects\postgres\query.js:50:25)
    at C:\Users\user\Documents\Tally_main_new\Tally_accounting\backend\node_modules\sequelize\lib\sequelize.js:315:28
    at async PostgresQueryInterface.select (C:\Users\user\Documents\Tally_main_new\Tally_accounting\backend\node_modules\sequelize\lib\dialects\abstract\query-interface.js:407:12)
    at async User.findAll (C:\Users\user\Documents\Tally_main_new\Tally_accounting\backend\node_modules\sequelize\lib\model.js:1140:21)
    at async User.findOne (C:\Users\user\Documents\Tally_main_new\Tally_accounting\backend\node_modules\sequelize\lib\model.js:1240:12)
    at async exports.login (C:\Users\user\Documents\Tally_main_new\Tally_accounting\backend\modules\auth\auth.controller.js:188:18)
[ERROR-5eee6f11722c0a1d] {"message":"column Employee.email does not exist","stack":"Error\n    at Query.run (C:\\Users\\user\\Documents\\Tally_main_new\\Tally_accounting\\backend\\node_modules\\sequelize\\lib\\dialects\\postgres\\query.js:50:25)\n    at C:\\Users\\user\\Documents\\Tally_main_new\\Tally_accounting\\backend\\node_modules\\sequelize\\lib\\sequelize.js:315:28\n    at async PostgresQueryInterface.rawSelect (C:\\Users\\user\\Documents\\Tally_main_new\\Tally_accounting\\backend\\node_modules\\sequelize\\lib\\dialects\\abstract\\query-interface.js:434:18)\n    at async Employee.aggregate (C:\\Users\\user\\Documents\\Tally_main_new\\Tally_accounting\\backend\\node_modules\\sequelize\\lib\\model.js:1277:19)\n    at async Employee.count (C:\\Users\\user\\Documents\\Tally_main_new\\Tally_accounting\\backend\\node_modules\\sequelize\\lib\\model.js:1306:20)\n    at async exports.updateEmployee (C:\\Users\\user\\Documents\\Tally_main_new\\Tally_accounting\\backend\\modules\\payroll\\payroll.controller.js:233:29)","path":"/api/payroll/employees/f145902a-a62f-4332-ae4c-ab488202fc5e","method":"PUT","user":"91508517-2db8-44dc-b37d-6b3843e8f490"}
Error fetching company role: {"name":"SequelizeDatabaseError","parent":{"length":112,"name":"error","severity":"ERROR","code":"42703","position":"39","file":"parse_relation.c","line":"3822","routine":"errorMissingColumn","sql":"SELECT \"role\", \"userId\", \"companyId\", \"customRoleId\", \"createdAt\", \"updatedAt\" FROM \"UserCompanies\" AS \"UserCompany\" WHERE \"UserCompany\".\"userId\" = 'b08f4a57-8561-465b-9e8f-9e69318e31a1' AND \"UserCompany\".\"companyId\" = '400cb412-0086-41fb-8061-6e3c71cae72a';"},"original":{"length":112,"name":"error","severity":"ERROR","code":"42703","position":"39","file":"parse_relation.c","line":"3822","routine":"errorMissingColumn","sql":"SELECT \"role\", \"userId\", \"companyId\", \"customRoleId\", \"createdAt\", \"updatedAt\" FROM \"UserCompanies\" AS \"UserCompany\" WHERE \"UserCompany\".\"userId\" = 'b08f4a57-8561-465b-9e8f-9e69318e31a1' AND \"UserCompany\".\"companyId\" = '400cb412-0086-41fb-8061-6e3c71cae72a';"},"sql":"SELECT \"role\", \"userId\", \"companyId\", \"customRoleId\", \"createdAt\", \"updatedAt\" FROM \"UserCompanies\" AS \"UserCompany\" WHERE \"UserCompany\".\"userId\" = 'b08f4a57-8561-465b-9e8f-9e69318e31a1' AND \"UserCompany\".\"companyId\" = '400cb412-0086-41fb-8061-6e3c71cae72a';","parameters":{}}
[ERROR-356a372b863578f0] {"message":"column Companies->UserCompany.customRoleId does not exist","stack":"Error\n    at Query.run (C:\\Users\\loges\\OneDrive\\Desktop\\Tally\\Tally_accounting\\backend\\node_modules\\sequelize\\lib\\dialects\\postgres\\query.js:50:25)\n    at C:\\Users\\loges\\OneDrive\\Desktop\\Tally\\Tally_accounting\\backend\\node_modules\\sequelize\\lib\\sequelize.js:315:28\n    at async PostgresQueryInterface.select (C:\\Users\\loges\\OneDrive\\Desktop\\Tally\\Tally_accounting\\backend\\node_modules\\sequelize\\lib\\dialects\\abstract\\query-interface.js:407:12)\n    at async User.findAll (C:\\Users\\loges\\OneDrive\\Desktop\\Tally\\Tally_accounting\\backend\\node_modules\\sequelize\\lib\\model.js:1140:21)\n    at async User.findOne (C:\\Users\\loges\\OneDrive\\Desktop\\Tally\\Tally_accounting\\backend\\node_modules\\sequelize\\lib\\model.js:1240:12)\n    at async User.findByPk (C:\\Users\\loges\\OneDrive\\Desktop\\Tally\\Tally_accounting\\backend\\node_modules\\sequelize\\lib\\model.js:1221:12)\n    at async exports.getCompanies (C:\\Users\\loges\\OneDrive\\Desktop\\Tally\\Tally_accounting\\backend\\modules\\company\\company.controller.js:173:18)","path":"/api/companies","method":"GET","user":"b08f4a57-8561-465b-9e8f-9e69318e31a1"}
[ERROR-8004e2333d745dd4] {"message":"column \"customRoleId\" does not exist","stack":"Error\n    at Query.run (C:\\Users\\loges\\OneDrive\\Desktop\\Tally\\Tally_accounting\\backend\\node_modules\\sequelize\\lib\\dialects\\postgres\\query.js:50:25)\n    at C:\\Users\\loges\\OneDrive\\Desktop\\Tally\\Tally_accounting\\backend\\node_modules\\sequelize\\lib\\sequelize.js:315:28\n    at process.processTicksAndRejections (node:internal/process/task_queues:105:5)\n    at async PostgresQueryInterface.select (C:\\Users\\loges\\OneDrive\\Desktop\\Tally\\Tally_accounting\\backend\\node_modules\\sequelize\\lib\\dialects\\abstract\\query-interface.js:407:12)\n    at async UserCompany.findAll (C:\\Users\\loges\\OneDrive\\Desktop\\Tally\\Tally_accounting\\backend\\node_modules\\sequelize\\lib\\model.js:1140:21)\n    at async UserCompany.findOne (C:\\Users\\loges\\OneDrive\\Desktop\\Tally\\Tally_accounting\\backend\\node_modules\\sequelize\\lib\\model.js:1240:12)\n    at async exports.tenantAccess (C:\\Users\\loges\\OneDrive\\Desktop\\Tally\\Tally_accounting\\backend\\middleware\\auth.middleware.js:97:28)","path":"/api/reports/dashboard/400cb412-0086-41fb-8061-6e3c71cae72a","method":"GET","user":"b08f4a57-8561-465b-9e8f-9e69318e31a1"}
[ERROR-f341802bb1ce33c0] {"message":"column \"customRoleId\" does not exist","stack":"Error\n    at Query.run (C:\\Users\\loges\\OneDrive\\Desktop\\Tally\\Tally_accounting\\backend\\node_modules\\sequelize\\lib\\dialects\\postgres\\query.js:50:25)\n    at C:\\Users\\loges\\OneDrive\\Desktop\\Tally\\Tally_accounting\\backend\\node_modules\\sequelize\\lib\\sequelize.js:315:28\n    at process.processTicksAndRejections (node:internal/process/task_queues:105:5)\n    at async PostgresQueryInterface.select (C:\\Users\\loges\\OneDrive\\Desktop\\Tally\\Tally_accounting\\backend\\node_modules\\sequelize\\lib\\dialects\\abstract\\query-interface.js:407:12)\n    at async UserCompany.findAll (C:\\Users\\loges\\OneDrive\\Desktop\\Tally\\Tally_accounting\\backend\\node_modules\\sequelize\\lib\\model.js:1140:21)\n    at async UserCompany.findOne (C:\\Users\\loges\\OneDrive\\Desktop\\Tally\\Tally_accounting\\backend\\node_modules\\sequelize\\lib\\model.js:1240:12)\n    at async exports.tenantAccess (C:\\Users\\loges\\OneDrive\\Desktop\\Tally\\Tally_accounting\\backend\\middleware\\auth.middleware.js:97:28)","path":"/api/vouchers/400cb412-0086-41fb-8061-6e3c71cae72a","method":"GET","user":"b08f4a57-8561-465b-9e8f-9e69318e31a1"}
[ERROR-89b33d09f31c399b] {"message":"column \"customRoleId\" does not exist","stack":"Error\n    at Query.run (C:\\Users\\loges\\OneDrive\\Desktop\\Tally\\Tally_accounting\\backend\\node_modules\\sequelize\\lib\\dialects\\postgres\\query.js:50:25)\n    at C:\\Users\\loges\\OneDrive\\Desktop\\Tally\\Tally_accounting\\backend\\node_modules\\sequelize\\lib\\sequelize.js:315:28\n    at process.processTicksAndRejections (node:internal/process/task_queues:105:5)\n    at async PostgresQueryInterface.select (C:\\Users\\loges\\OneDrive\\Desktop\\Tally\\Tally_accounting\\backend\\node_modules\\sequelize\\lib\\dialects\\abstract\\query-interface.js:407:12)\n    at async UserCompany.findAll (C:\\Users\\loges\\OneDrive\\Desktop\\Tally\\Tally_accounting\\backend\\node_modules\\sequelize\\lib\\model.js:1140:21)\n    at async UserCompany.findOne (C:\\Users\\loges\\OneDrive\\Desktop\\Tally\\Tally_accounting\\backend\\node_modules\\sequelize\\lib\\model.js:1240:12)\n    at async exports.tenantAccess (C:\\Users\\loges\\OneDrive\\Desktop\\Tally\\Tally_accounting\\backend\\middleware\\auth.middleware.js:97:28)","path":"/api/reports/inventory-report/400cb412-0086-41fb-8061-6e3c71cae72a","method":"GET","user":"b08f4a57-8561-465b-9e8f-9e69318e31a1"}
[ERROR-6d40c10ada6429a2] {"message":"column Companies->UserCompany.customRoleId does not exist","stack":"Error\n    at Query.run (C:\\Users\\loges\\OneDrive\\Desktop\\Tally\\Tally_accounting\\backend\\node_modules\\sequelize\\lib\\dialects\\postgres\\query.js:50:25)\n    at C:\\Users\\loges\\OneDrive\\Desktop\\Tally\\Tally_accounting\\backend\\node_modules\\sequelize\\lib\\sequelize.js:315:28\n    at process.processTicksAndRejections (node:internal/process/task_queues:105:5)\n    at async PostgresQueryInterface.select (C:\\Users\\loges\\OneDrive\\Desktop\\Tally\\Tally_accounting\\backend\\node_modules\\sequelize\\lib\\dialects\\abstract\\query-interface.js:407:12)\n    at async User.findAll (C:\\Users\\loges\\OneDrive\\Desktop\\Tally\\Tally_accounting\\backend\\node_modules\\sequelize\\lib\\model.js:1140:21)\n    at async User.findOne (C:\\Users\\loges\\OneDrive\\Desktop\\Tally\\Tally_accounting\\backend\\node_modules\\sequelize\\lib\\model.js:1240:12)\n    at async User.findByPk (C:\\Users\\loges\\OneDrive\\Desktop\\Tally\\Tally_accounting\\backend\\node_modules\\sequelize\\lib\\model.js:1221:12)\n    at async exports.getCompanies (C:\\Users\\loges\\OneDrive\\Desktop\\Tally\\Tally_accounting\\backend\\modules\\company\\company.controller.js:173:18)","path":"/api/companies","method":"GET","user":"b08f4a57-8561-465b-9e8f-9e69318e31a1"}
[ERROR-6762e59f650025c7] {"message":"column \"customRoleId\" does not exist","stack":"Error\n    at Query.run (C:\\Users\\loges\\OneDrive\\Desktop\\Tally\\Tally_accounting\\backend\\node_modules\\sequelize\\lib\\dialects\\postgres\\query.js:50:25)\n    at C:\\Users\\loges\\OneDrive\\Desktop\\Tally\\Tally_accounting\\backend\\node_modules\\sequelize\\lib\\sequelize.js:315:28\n    at async PostgresQueryInterface.select (C:\\Users\\loges\\OneDrive\\Desktop\\Tally\\Tally_accounting\\backend\\node_modules\\sequelize\\lib\\dialects\\abstract\\query-interface.js:407:12)\n    at async UserCompany.findAll (C:\\Users\\loges\\OneDrive\\Desktop\\Tally\\Tally_accounting\\backend\\node_modules\\sequelize\\lib\\model.js:1140:21)\n    at async UserCompany.findOne (C:\\Users\\loges\\OneDrive\\Desktop\\Tally\\Tally_accounting\\backend\\node_modules\\sequelize\\lib\\model.js:1240:12)\n    at async exports.tenantAccess (C:\\Users\\loges\\OneDrive\\Desktop\\Tally\\Tally_accounting\\backend\\middleware\\auth.middleware.js:97:28)","path":"/api/reports/dashboard/400cb412-0086-41fb-8061-6e3c71cae72a","method":"GET","user":"b08f4a57-8561-465b-9e8f-9e69318e31a1"}
[ERROR-bae09aa03b832593] {"message":"column \"customRoleId\" does not exist","stack":"Error\n    at Query.run (C:\\Users\\loges\\OneDrive\\Desktop\\Tally\\Tally_accounting\\backend\\node_modules\\sequelize\\lib\\dialects\\postgres\\query.js:50:25)\n    at C:\\Users\\loges\\OneDrive\\Desktop\\Tally\\Tally_accounting\\backend\\node_modules\\sequelize\\lib\\sequelize.js:315:28\n    at async PostgresQueryInterface.select (C:\\Users\\loges\\OneDrive\\Desktop\\Tally\\Tally_accounting\\backend\\node_modules\\sequelize\\lib\\dialects\\abstract\\query-interface.js:407:12)\n    at async UserCompany.findAll (C:\\Users\\loges\\OneDrive\\Desktop\\Tally\\Tally_accounting\\backend\\node_modules\\sequelize\\lib\\model.js:1140:21)\n    at async UserCompany.findOne (C:\\Users\\loges\\OneDrive\\Desktop\\Tally\\Tally_accounting\\backend\\node_modules\\sequelize\\lib\\model.js:1240:12)\n    at async exports.tenantAccess (C:\\Users\\loges\\OneDrive\\Desktop\\Tally\\Tally_accounting\\backend\\middleware\\auth.middleware.js:97:28)","path":"/api/vouchers/400cb412-0086-41fb-8061-6e3c71cae72a","method":"GET","user":"b08f4a57-8561-465b-9e8f-9e69318e31a1"}
[ERROR-2c6bc72fd3dc2cda] {"message":"column \"customRoleId\" does not exist","stack":"Error\n    at Query.run (C:\\Users\\loges\\OneDrive\\Desktop\\Tally\\Tally_accounting\\backend\\node_modules\\sequelize\\lib\\dialects\\postgres\\query.js:50:25)\n    at C:\\Users\\loges\\OneDrive\\Desktop\\Tally\\Tally_accounting\\backend\\node_modules\\sequelize\\lib\\sequelize.js:315:28\n    at async PostgresQueryInterface.select (C:\\Users\\loges\\OneDrive\\Desktop\\Tally\\Tally_accounting\\backend\\node_modules\\sequelize\\lib\\dialects\\abstract\\query-interface.js:407:12)\n    at async UserCompany.findAll (C:\\Users\\loges\\OneDrive\\Desktop\\Tally\\Tally_accounting\\backend\\node_modules\\sequelize\\lib\\model.js:1140:21)\n    at async UserCompany.findOne (C:\\Users\\loges\\OneDrive\\Desktop\\Tally\\Tally_accounting\\backend\\node_modules\\sequelize\\lib\\model.js:1240:12)\n    at async exports.tenantAccess (C:\\Users\\loges\\OneDrive\\Desktop\\Tally\\Tally_accounting\\backend\\middleware\\auth.middleware.js:97:28)","path":"/api/reports/inventory-report/400cb412-0086-41fb-8061-6e3c71cae72a","method":"GET","user":"b08f4a57-8561-465b-9e8f-9e69318e31a1"}
[ERROR-cc8d6bb410164d18] {"message":"column \"customRoleId\" does not exist","stack":"Error\n    at Query.run (C:\\Users\\loges\\OneDrive\\Desktop\\Tally\\Tally_accounting\\backend\\node_modules\\sequelize\\lib\\dialects\\postgres\\query.js:50:25)\n    at C:\\Users\\loges\\OneDrive\\Desktop\\Tally\\Tally_accounting\\backend\\node_modules\\sequelize\\lib\\sequelize.js:315:28\n    at async PostgresQueryInterface.select (C:\\Users\\loges\\OneDrive\\Desktop\\Tally\\Tally_accounting\\backend\\node_modules\\sequelize\\lib\\dialects\\abstract\\query-interface.js:407:12)\n    at async UserCompany.findAll (C:\\Users\\loges\\OneDrive\\Desktop\\Tally\\Tally_accounting\\backend\\node_modules\\sequelize\\lib\\model.js:1140:21)\n    at async UserCompany.findOne (C:\\Users\\loges\\OneDrive\\Desktop\\Tally\\Tally_accounting\\backend\\node_modules\\sequelize\\lib\\model.js:1240:12)\n    at async exports.tenantAccess (C:\\Users\\loges\\OneDrive\\Desktop\\Tally\\Tally_accounting\\backend\\middleware\\auth.middleware.js:97:28)","path":"/api/reports/profit-loss/400cb412-0086-41fb-8061-6e3c71cae72a","method":"GET","user":"b08f4a57-8561-465b-9e8f-9e69318e31a1"}
[ERROR-80bd125e6eb02f57] {"message":"column \"customRoleId\" does not exist","stack":"Error\n    at Query.run (C:\\Users\\loges\\OneDrive\\Desktop\\Tally\\Tally_accounting\\backend\\node_modules\\sequelize\\lib\\dialects\\postgres\\query.js:50:25)\n    at C:\\Users\\loges\\OneDrive\\Desktop\\Tally\\Tally_accounting\\backend\\node_modules\\sequelize\\lib\\sequelize.js:315:28\n    at async PostgresQueryInterface.select (C:\\Users\\loges\\OneDrive\\Desktop\\Tally\\Tally_accounting\\backend\\node_modules\\sequelize\\lib\\dialects\\abstract\\query-interface.js:407:12)\n    at async UserCompany.findAll (C:\\Users\\loges\\OneDrive\\Desktop\\Tally\\Tally_accounting\\backend\\node_modules\\sequelize\\lib\\model.js:1140:21)\n    at async UserCompany.findOne (C:\\Users\\loges\\OneDrive\\Desktop\\Tally\\Tally_accounting\\backend\\node_modules\\sequelize\\lib\\model.js:1240:12)\n    at async exports.tenantAccess (C:\\Users\\loges\\OneDrive\\Desktop\\Tally\\Tally_accounting\\backend\\middleware\\auth.middleware.js:97:28)","path":"/api/reports/profit-loss/400cb412-0086-41fb-8061-6e3c71cae72a","method":"GET","user":"b08f4a57-8561-465b-9e8f-9e69318e31a1"}
Error fetching company role: {"name":"SequelizeDatabaseError","parent":{"length":112,"name":"error","severity":"ERROR","code":"42703","position":"39","file":"parse_relation.c","line":"3822","routine":"errorMissingColumn","sql":"SELECT \"role\", \"userId\", \"companyId\", \"customRoleId\", \"createdAt\", \"updatedAt\" FROM \"UserCompanies\" AS \"UserCompany\" WHERE \"UserCompany\".\"userId\" = 'b08f4a57-8561-465b-9e8f-9e69318e31a1' AND \"UserCompany\".\"companyId\" = '400cb412-0086-41fb-8061-6e3c71cae72a';"},"original":{"length":112,"name":"error","severity":"ERROR","code":"42703","position":"39","file":"parse_relation.c","line":"3822","routine":"errorMissingColumn","sql":"SELECT \"role\", \"userId\", \"companyId\", \"customRoleId\", \"createdAt\", \"updatedAt\" FROM \"UserCompanies\" AS \"UserCompany\" WHERE \"UserCompany\".\"userId\" = 'b08f4a57-8561-465b-9e8f-9e69318e31a1' AND \"UserCompany\".\"companyId\" = '400cb412-0086-41fb-8061-6e3c71cae72a';"},"sql":"SELECT \"role\", \"userId\", \"companyId\", \"customRoleId\", \"createdAt\", \"updatedAt\" FROM \"UserCompanies\" AS \"UserCompany\" WHERE \"UserCompany\".\"userId\" = 'b08f4a57-8561-465b-9e8f-9e69318e31a1' AND \"UserCompany\".\"companyId\" = '400cb412-0086-41fb-8061-6e3c71cae72a';","parameters":{}}
[ERROR-7f3e2dcda08346a4] {"message":"column \"customRoleId\" does not exist","stack":"Error\n    at Query.run (C:\\Users\\loges\\OneDrive\\Desktop\\Tally\\Tally_accounting\\backend\\node_modules\\sequelize\\lib\\dialects\\postgres\\query.js:50:25)\n    at C:\\Users\\loges\\OneDrive\\Desktop\\Tally\\Tally_accounting\\backend\\node_modules\\sequelize\\lib\\sequelize.js:315:28\n    at async PostgresQueryInterface.select (C:\\Users\\loges\\OneDrive\\Desktop\\Tally\\Tally_accounting\\backend\\node_modules\\sequelize\\lib\\dialects\\abstract\\query-interface.js:407:12)\n    at async UserCompany.findAll (C:\\Users\\loges\\OneDrive\\Desktop\\Tally\\Tally_accounting\\backend\\node_modules\\sequelize\\lib\\model.js:1140:21)\n    at async UserCompany.findOne (C:\\Users\\loges\\OneDrive\\Desktop\\Tally\\Tally_accounting\\backend\\node_modules\\sequelize\\lib\\model.js:1240:12)\n    at async exports.tenantAccess (C:\\Users\\loges\\OneDrive\\Desktop\\Tally\\Tally_accounting\\backend\\middleware\\auth.middleware.js:97:28)","path":"/api/reports/dashboard/400cb412-0086-41fb-8061-6e3c71cae72a","method":"GET","user":"b08f4a57-8561-465b-9e8f-9e69318e31a1"}
Error fetching company role: {"name":"SequelizeDatabaseError","parent":{"length":112,"name":"error","severity":"ERROR","code":"42703","position":"39","file":"parse_relation.c","line":"3822","routine":"errorMissingColumn","sql":"SELECT \"role\", \"userId\", \"companyId\", \"customRoleId\", \"createdAt\", \"updatedAt\" FROM \"UserCompanies\" AS \"UserCompany\" WHERE \"UserCompany\".\"userId\" = 'b08f4a57-8561-465b-9e8f-9e69318e31a1' AND \"UserCompany\".\"companyId\" = '400cb412-0086-41fb-8061-6e3c71cae72a';"},"original":{"length":112,"name":"error","severity":"ERROR","code":"42703","position":"39","file":"parse_relation.c","line":"3822","routine":"errorMissingColumn","sql":"SELECT \"role\", \"userId\", \"companyId\", \"customRoleId\", \"createdAt\", \"updatedAt\" FROM \"UserCompanies\" AS \"UserCompany\" WHERE \"UserCompany\".\"userId\" = 'b08f4a57-8561-465b-9e8f-9e69318e31a1' AND \"UserCompany\".\"companyId\" = '400cb412-0086-41fb-8061-6e3c71cae72a';"},"sql":"SELECT \"role\", \"userId\", \"companyId\", \"customRoleId\", \"createdAt\", \"updatedAt\" FROM \"UserCompanies\" AS \"UserCompany\" WHERE \"UserCompany\".\"userId\" = 'b08f4a57-8561-465b-9e8f-9e69318e31a1' AND \"UserCompany\".\"companyId\" = '400cb412-0086-41fb-8061-6e3c71cae72a';","parameters":{}}
[ERROR-b63ef782e981cb66] {"message":"column \"customRoleId\" does not exist","stack":"Error\n    at Query.run (C:\\Users\\loges\\OneDrive\\Desktop\\Tally\\Tally_accounting\\backend\\node_modules\\sequelize\\lib\\dialects\\postgres\\query.js:50:25)\n    at C:\\Users\\loges\\OneDrive\\Desktop\\Tally\\Tally_accounting\\backend\\node_modules\\sequelize\\lib\\sequelize.js:315:28\n    at runNextTicks (node:internal/process/task_queues:65:5)\n    at listOnTimeout (node:internal/timers:549:9)\n    at process.processTimers (node:internal/timers:523:7)\n    at async PostgresQueryInterface.select (C:\\Users\\loges\\OneDrive\\Desktop\\Tally\\Tally_accounting\\backend\\node_modules\\sequelize\\lib\\dialects\\abstract\\query-interface.js:407:12)\n    at async UserCompany.findAll (C:\\Users\\loges\\OneDrive\\Desktop\\Tally\\Tally_accounting\\backend\\node_modules\\sequelize\\lib\\model.js:1140:21)\n    at async UserCompany.findOne (C:\\Users\\loges\\OneDrive\\Desktop\\Tally\\Tally_accounting\\backend\\node_modules\\sequelize\\lib\\model.js:1240:12)\n    at async exports.tenantAccess (C:\\Users\\loges\\OneDrive\\Desktop\\Tally\\Tally_accounting\\backend\\middleware\\auth.middleware.js:97:28)","path":"/api/vouchers/400cb412-0086-41fb-8061-6e3c71cae72a","method":"GET","user":"b08f4a57-8561-465b-9e8f-9e69318e31a1"}
[ERROR-14049e3288a22173] {"message":"column \"customRoleId\" does not exist","stack":"Error\n    at Query.run (C:\\Users\\loges\\OneDrive\\Desktop\\Tally\\Tally_accounting\\backend\\node_modules\\sequelize\\lib\\dialects\\postgres\\query.js:50:25)\n    at C:\\Users\\loges\\OneDrive\\Desktop\\Tally\\Tally_accounting\\backend\\node_modules\\sequelize\\lib\\sequelize.js:315:28\n    at async PostgresQueryInterface.select (C:\\Users\\loges\\OneDrive\\Desktop\\Tally\\Tally_accounting\\backend\\node_modules\\sequelize\\lib\\dialects\\abstract\\query-interface.js:407:12)\n    at async UserCompany.findAll (C:\\Users\\loges\\OneDrive\\Desktop\\Tally\\Tally_accounting\\backend\\node_modules\\sequelize\\lib\\model.js:1140:21)\n    at async UserCompany.findOne (C:\\Users\\loges\\OneDrive\\Desktop\\Tally\\Tally_accounting\\backend\\node_modules\\sequelize\\lib\\model.js:1240:12)\n    at async exports.tenantAccess (C:\\Users\\loges\\OneDrive\\Desktop\\Tally\\Tally_accounting\\backend\\middleware\\auth.middleware.js:97:28)","path":"/api/reports/inventory-report/400cb412-0086-41fb-8061-6e3c71cae72a","method":"GET","user":"b08f4a57-8561-465b-9e8f-9e69318e31a1"}
[ERROR-52bbb8fe5861db11] {"message":"column Companies->UserCompany.customRoleId does not exist","stack":"Error\n    at Query.run (C:\\Users\\loges\\OneDrive\\Desktop\\Tally\\Tally_accounting\\backend\\node_modules\\sequelize\\lib\\dialects\\postgres\\query.js:50:25)\n    at C:\\Users\\loges\\OneDrive\\Desktop\\Tally\\Tally_accounting\\backend\\node_modules\\sequelize\\lib\\sequelize.js:315:28\n    at async PostgresQueryInterface.select (C:\\Users\\loges\\OneDrive\\Desktop\\Tally\\Tally_accounting\\backend\\node_modules\\sequelize\\lib\\dialects\\abstract\\query-interface.js:407:12)\n    at async User.findAll (C:\\Users\\loges\\OneDrive\\Desktop\\Tally\\Tally_accounting\\backend\\node_modules\\sequelize\\lib\\model.js:1140:21)\n    at async User.findOne (C:\\Users\\loges\\OneDrive\\Desktop\\Tally\\Tally_accounting\\backend\\node_modules\\sequelize\\lib\\model.js:1240:12)\n    at async User.findByPk (C:\\Users\\loges\\OneDrive\\Desktop\\Tally\\Tally_accounting\\backend\\node_modules\\sequelize\\lib\\model.js:1221:12)\n    at async exports.getCompanies (C:\\Users\\loges\\OneDrive\\Desktop\\Tally\\Tally_accounting\\backend\\modules\\company\\company.controller.js:173:18)","path":"/api/companies","method":"GET","user":"b08f4a57-8561-465b-9e8f-9e69318e31a1"}
[ERROR-32ad625ce236543b] {"message":"column \"customRoleId\" does not exist","stack":"Error\n    at Query.run (C:\\Users\\loges\\OneDrive\\Desktop\\Tally\\Tally_accounting\\backend\\node_modules\\sequelize\\lib\\dialects\\postgres\\query.js:50:25)\n    at C:\\Users\\loges\\OneDrive\\Desktop\\Tally\\Tally_accounting\\backend\\node_modules\\sequelize\\lib\\sequelize.js:315:28\n    at async PostgresQueryInterface.select (C:\\Users\\loges\\OneDrive\\Desktop\\Tally\\Tally_accounting\\backend\\node_modules\\sequelize\\lib\\dialects\\abstract\\query-interface.js:407:12)\n    at async UserCompany.findAll (C:\\Users\\loges\\OneDrive\\Desktop\\Tally\\Tally_accounting\\backend\\node_modules\\sequelize\\lib\\model.js:1140:21)\n    at async UserCompany.findOne (C:\\Users\\loges\\OneDrive\\Desktop\\Tally\\Tally_accounting\\backend\\node_modules\\sequelize\\lib\\model.js:1240:12)\n    at async exports.tenantAccess (C:\\Users\\loges\\OneDrive\\Desktop\\Tally\\Tally_accounting\\backend\\middleware\\auth.middleware.js:97:28)","path":"/api/reports/dashboard/400cb412-0086-41fb-8061-6e3c71cae72a","method":"GET","user":"b08f4a57-8561-465b-9e8f-9e69318e31a1"}
[ERROR-f9a2eff59837ce70] {"message":"column \"customRoleId\" does not exist","stack":"Error\n    at Query.run (C:\\Users\\loges\\OneDrive\\Desktop\\Tally\\Tally_accounting\\backend\\node_modules\\sequelize\\lib\\dialects\\postgres\\query.js:50:25)\n    at C:\\Users\\loges\\OneDrive\\Desktop\\Tally\\Tally_accounting\\backend\\node_modules\\sequelize\\lib\\sequelize.js:315:28\n    at async PostgresQueryInterface.select (C:\\Users\\loges\\OneDrive\\Desktop\\Tally\\Tally_accounting\\backend\\node_modules\\sequelize\\lib\\dialects\\abstract\\query-interface.js:407:12)\n    at async UserCompany.findAll (C:\\Users\\loges\\OneDrive\\Desktop\\Tally\\Tally_accounting\\backend\\node_modules\\sequelize\\lib\\model.js:1140:21)\n    at async UserCompany.findOne (C:\\Users\\loges\\OneDrive\\Desktop\\Tally\\Tally_accounting\\backend\\node_modules\\sequelize\\lib\\model.js:1240:12)\n    at async exports.tenantAccess (C:\\Users\\loges\\OneDrive\\Desktop\\Tally\\Tally_accounting\\backend\\middleware\\auth.middleware.js:97:28)","path":"/api/reports/inventory-report/400cb412-0086-41fb-8061-6e3c71cae72a","method":"GET","user":"b08f4a57-8561-465b-9e8f-9e69318e31a1"}
[ERROR-6034326fa6d1b31d] {"message":"column \"customRoleId\" does not exist","stack":"Error\n    at Query.run (C:\\Users\\loges\\OneDrive\\Desktop\\Tally\\Tally_accounting\\backend\\node_modules\\sequelize\\lib\\dialects\\postgres\\query.js:50:25)\n    at C:\\Users\\loges\\OneDrive\\Desktop\\Tally\\Tally_accounting\\backend\\node_modules\\sequelize\\lib\\sequelize.js:315:28\n    at runNextTicks (node:internal/process/task_queues:65:5)\n    at listOnTimeout (node:internal/timers:549:9)\n    at process.processTimers (node:internal/timers:523:7)\n    at async PostgresQueryInterface.select (C:\\Users\\loges\\OneDrive\\Desktop\\Tally\\Tally_accounting\\backend\\node_modules\\sequelize\\lib\\dialects\\abstract\\query-interface.js:407:12)\n    at async UserCompany.findAll (C:\\Users\\loges\\OneDrive\\Desktop\\Tally\\Tally_accounting\\backend\\node_modules\\sequelize\\lib\\model.js:1140:21)\n    at async UserCompany.findOne (C:\\Users\\loges\\OneDrive\\Desktop\\Tally\\Tally_accounting\\backend\\node_modules\\sequelize\\lib\\model.js:1240:12)\n    at async exports.tenantAccess (C:\\Users\\loges\\OneDrive\\Desktop\\Tally\\Tally_accounting\\backend\\middleware\\auth.middleware.js:97:28)","path":"/api/vouchers/400cb412-0086-41fb-8061-6e3c71cae72a","method":"GET","user":"b08f4a57-8561-465b-9e8f-9e69318e31a1"}
[ERROR-530160d36e407745] {"message":"column Companies->UserCompany.customRoleId does not exist","stack":"Error\n    at Query.run (C:\\Users\\loges\\OneDrive\\Desktop\\Tally\\Tally_accounting\\backend\\node_modules\\sequelize\\lib\\dialects\\postgres\\query.js:50:25)\n    at C:\\Users\\loges\\OneDrive\\Desktop\\Tally\\Tally_accounting\\backend\\node_modules\\sequelize\\lib\\sequelize.js:315:28\n    at async PostgresQueryInterface.select (C:\\Users\\loges\\OneDrive\\Desktop\\Tally\\Tally_accounting\\backend\\node_modules\\sequelize\\lib\\dialects\\abstract\\query-interface.js:407:12)\n    at async User.findAll (C:\\Users\\loges\\OneDrive\\Desktop\\Tally\\Tally_accounting\\backend\\node_modules\\sequelize\\lib\\model.js:1140:21)\n    at async User.findOne (C:\\Users\\loges\\OneDrive\\Desktop\\Tally\\Tally_accounting\\backend\\node_modules\\sequelize\\lib\\model.js:1240:12)\n    at async User.findByPk (C:\\Users\\loges\\OneDrive\\Desktop\\Tally\\Tally_accounting\\backend\\node_modules\\sequelize\\lib\\model.js:1221:12)\n    at async exports.getCompanies (C:\\Users\\loges\\OneDrive\\Desktop\\Tally\\Tally_accounting\\backend\\modules\\company\\company.controller.js:173:18)","path":"/api/companies","method":"GET","user":"b08f4a57-8561-465b-9e8f-9e69318e31a1"}
[ERROR-bcba6e5f1776d3fb] {"message":"column Companies->UserCompany.customRoleId does not exist","stack":"Error\n    at Query.run (C:\\Users\\loges\\OneDrive\\Desktop\\Tally\\Tally_accounting\\backend\\node_modules\\sequelize\\lib\\dialects\\postgres\\query.js:50:25)\n    at C:\\Users\\loges\\OneDrive\\Desktop\\Tally\\Tally_accounting\\backend\\node_modules\\sequelize\\lib\\sequelize.js:315:28\n    at process.processTicksAndRejections (node:internal/process/task_queues:105:5)\n    at async PostgresQueryInterface.select (C:\\Users\\loges\\OneDrive\\Desktop\\Tally\\Tally_accounting\\backend\\node_modules\\sequelize\\lib\\dialects\\abstract\\query-interface.js:407:12)\n    at async User.findAll (C:\\Users\\loges\\OneDrive\\Desktop\\Tally\\Tally_accounting\\backend\\node_modules\\sequelize\\lib\\model.js:1140:21)\n    at async User.findOne (C:\\Users\\loges\\OneDrive\\Desktop\\Tally\\Tally_accounting\\backend\\node_modules\\sequelize\\lib\\model.js:1240:12)\n    at async User.findByPk (C:\\Users\\loges\\OneDrive\\Desktop\\Tally\\Tally_accounting\\backend\\node_modules\\sequelize\\lib\\model.js:1221:12)\n    at async exports.getCompanies (C:\\Users\\loges\\OneDrive\\Desktop\\Tally\\Tally_accounting\\backend\\modules\\company\\company.controller.js:173:18)","path":"/api/companies","method":"GET","user":"e99601d0-bae2-49f5-ae61-6e3980e6d427"}
[ERROR-d23e9111e8b12170] {"message":"column Companies->UserCompany.customRoleId does not exist","stack":"Error\n    at Query.run (C:\\Users\\loges\\OneDrive\\Desktop\\Tally\\Tally_accounting\\backend\\node_modules\\sequelize\\lib\\dialects\\postgres\\query.js:50:25)\n    at C:\\Users\\loges\\OneDrive\\Desktop\\Tally\\Tally_accounting\\backend\\node_modules\\sequelize\\lib\\sequelize.js:315:28\n    at async PostgresQueryInterface.select (C:\\Users\\loges\\OneDrive\\Desktop\\Tally\\Tally_accounting\\backend\\node_modules\\sequelize\\lib\\dialects\\abstract\\query-interface.js:407:12)\n    at async User.findAll (C:\\Users\\loges\\OneDrive\\Desktop\\Tally\\Tally_accounting\\backend\\node_modules\\sequelize\\lib\\model.js:1140:21)\n    at async User.findOne (C:\\Users\\loges\\OneDrive\\Desktop\\Tally\\Tally_accounting\\backend\\node_modules\\sequelize\\lib\\model.js:1240:12)\n    at async User.findByPk (C:\\Users\\loges\\OneDrive\\Desktop\\Tally\\Tally_accounting\\backend\\node_modules\\sequelize\\lib\\model.js:1221:12)\n    at async exports.getCompanies (C:\\Users\\loges\\OneDrive\\Desktop\\Tally\\Tally_accounting\\backend\\modules\\company\\company.controller.js:173:18)","path":"/api/companies","method":"GET","user":"e99601d0-bae2-49f5-ae61-6e3980e6d427"}
[ERROR-1f6d6b564a4ae70a] {"message":"column Companies->UserCompany.customRoleId does not exist","stack":"Error\n    at Query.run (C:\\Users\\loges\\OneDrive\\Desktop\\Tally\\Tally_accounting\\backend\\node_modules\\sequelize\\lib\\dialects\\postgres\\query.js:50:25)\n    at C:\\Users\\loges\\OneDrive\\Desktop\\Tally\\Tally_accounting\\backend\\node_modules\\sequelize\\lib\\sequelize.js:315:28\n    at async PostgresQueryInterface.select (C:\\Users\\loges\\OneDrive\\Desktop\\Tally\\Tally_accounting\\backend\\node_modules\\sequelize\\lib\\dialects\\abstract\\query-interface.js:407:12)\n    at async User.findAll (C:\\Users\\loges\\OneDrive\\Desktop\\Tally\\Tally_accounting\\backend\\node_modules\\sequelize\\lib\\model.js:1140:21)\n    at async User.findOne (C:\\Users\\loges\\OneDrive\\Desktop\\Tally\\Tally_accounting\\backend\\node_modules\\sequelize\\lib\\model.js:1240:12)\n    at async User.findByPk (C:\\Users\\loges\\OneDrive\\Desktop\\Tally\\Tally_accounting\\backend\\node_modules\\sequelize\\lib\\model.js:1221:12)\n    at async exports.getCompanies (C:\\Users\\loges\\OneDrive\\Desktop\\Tally\\Tally_accounting\\backend\\modules\\company\\company.controller.js:173:18)","path":"/api/companies","method":"GET","user":"e99601d0-bae2-49f5-ae61-6e3980e6d427"}
[ERROR-f3aa4438b47da1df] {"message":"column Companies->UserCompany.customRoleId does not exist","stack":"Error\n    at Query.run (C:\\Users\\loges\\OneDrive\\Desktop\\Tally\\Tally_accounting\\backend\\node_modules\\sequelize\\lib\\dialects\\postgres\\query.js:50:25)\n    at C:\\Users\\loges\\OneDrive\\Desktop\\Tally\\Tally_accounting\\backend\\node_modules\\sequelize\\lib\\sequelize.js:315:28\n    at async PostgresQueryInterface.select (C:\\Users\\loges\\OneDrive\\Desktop\\Tally\\Tally_accounting\\backend\\node_modules\\sequelize\\lib\\dialects\\abstract\\query-interface.js:407:12)\n    at async User.findAll (C:\\Users\\loges\\OneDrive\\Desktop\\Tally\\Tally_accounting\\backend\\node_modules\\sequelize\\lib\\model.js:1140:21)\n    at async User.findOne (C:\\Users\\loges\\OneDrive\\Desktop\\Tally\\Tally_accounting\\backend\\node_modules\\sequelize\\lib\\model.js:1240:12)\n    at async User.findByPk (C:\\Users\\loges\\OneDrive\\Desktop\\Tally\\Tally_accounting\\backend\\node_modules\\sequelize\\lib\\model.js:1221:12)\n    at async exports.getCompanies (C:\\Users\\loges\\OneDrive\\Desktop\\Tally\\Tally_accounting\\backend\\modules\\company\\company.controller.js:173:18)","path":"/api/companies","method":"GET","user":"e99601d0-bae2-49f5-ae61-6e3980e6d427"}
[ERROR-c23a847d0d08469d] {"message":"WHERE parameter \"CompanyId\" has invalid \"undefined\" value","stack":"Error: WHERE parameter \"CompanyId\" has invalid \"undefined\" value\n    at PostgresQueryGenerator.whereItemQuery (C:\\Users\\loges\\OneDrive\\Desktop\\Tally\\Tally_accounting\\backend\\node_modules\\sequelize\\lib\\dialects\\abstract\\query-generator.js:1770:13)\n    at C:\\Users\\loges\\OneDrive\\Desktop\\Tally\\Tally_accounting\\backend\\node_modules\\sequelize\\lib\\dialects\\abstract\\query-generator.js:1761:25\n    at Array.forEach (<anonymous>)\n    at PostgresQueryGenerator.whereItemsQuery (C:\\Users\\loges\\OneDrive\\Desktop\\Tally\\Tally_accounting\\backend\\node_modules\\sequelize\\lib\\dialects\\abstract\\query-generator.js:1759:35)\n    at PostgresQueryGenerator.getWhereConditions (C:\\Users\\loges\\OneDrive\\Desktop\\Tally\\Tally_accounting\\backend\\node_modules\\sequelize\\lib\\dialects\\abstract\\query-generator.js:2108:19)\n    at PostgresQueryGenerator.selectQuery (C:\\Users\\loges\\OneDrive\\Desktop\\Tally\\Tally_accounting\\backend\\node_modules\\sequelize\\lib\\dialects\\abstract\\query-generator.js:1015:28)\n    at PostgresQueryInterface.select (C:\\Users\\loges\\OneDrive\\Desktop\\Tally\\Tally_accounting\\backend\\node_modules\\sequelize\\lib\\dialects\\abstract\\query-interface.js:407:59)\n    at CustomRole.findAll (C:\\Users\\loges\\OneDrive\\Desktop\\Tally\\Tally_accounting\\backend\\node_modules\\sequelize\\lib\\model.js:1140:47)\n    at process.processTicksAndRejections (node:internal/process/task_queues:105:5)\n    at async exports.getRoles (C:\\Users\\loges\\OneDrive\\Desktop\\Tally\\Tally_accounting\\backend\\modules\\roles\\roles.controller.js:40:19)","path":"/api/roles","method":"GET","user":"e99601d0-bae2-49f5-ae61-6e3980e6d427"}
[ERROR-7b3e44c2afba9b52] {"message":"WHERE parameter \"CompanyId\" has invalid \"undefined\" value","stack":"Error: WHERE parameter \"CompanyId\" has invalid \"undefined\" value\n    at PostgresQueryGenerator.whereItemQuery (C:\\Users\\loges\\OneDrive\\Desktop\\Tally\\Tally_accounting\\backend\\node_modules\\sequelize\\lib\\dialects\\abstract\\query-generator.js:1770:13)\n    at C:\\Users\\loges\\OneDrive\\Desktop\\Tally\\Tally_accounting\\backend\\node_modules\\sequelize\\lib\\dialects\\abstract\\query-generator.js:1761:25\n    at Array.forEach (<anonymous>)\n    at PostgresQueryGenerator.whereItemsQuery (C:\\Users\\loges\\OneDrive\\Desktop\\Tally\\Tally_accounting\\backend\\node_modules\\sequelize\\lib\\dialects\\abstract\\query-generator.js:1759:35)\n    at PostgresQueryGenerator.getWhereConditions (C:\\Users\\loges\\OneDrive\\Desktop\\Tally\\Tally_accounting\\backend\\node_modules\\sequelize\\lib\\dialects\\abstract\\query-generator.js:2108:19)\n    at PostgresQueryGenerator.selectQuery (C:\\Users\\loges\\OneDrive\\Desktop\\Tally\\Tally_accounting\\backend\\node_modules\\sequelize\\lib\\dialects\\abstract\\query-generator.js:1015:28)\n    at PostgresQueryInterface.select (C:\\Users\\loges\\OneDrive\\Desktop\\Tally\\Tally_accounting\\backend\\node_modules\\sequelize\\lib\\dialects\\abstract\\query-interface.js:407:59)\n    at CustomRole.findAll (C:\\Users\\loges\\OneDrive\\Desktop\\Tally\\Tally_accounting\\backend\\node_modules\\sequelize\\lib\\model.js:1140:47)\n    at process.processTicksAndRejections (node:internal/process/task_queues:105:5)\n    at async exports.getRoles (C:\\Users\\loges\\OneDrive\\Desktop\\Tally\\Tally_accounting\\backend\\modules\\roles\\roles.controller.js:40:19)","path":"/api/roles","method":"GET","user":"e99601d0-bae2-49f5-ae61-6e3980e6d427"}
Error fetching company role: {"name":"SequelizeDatabaseError","parent":{"length":112,"name":"error","severity":"ERROR","code":"42703","position":"39","file":"parse_relation.c","line":"3822","routine":"errorMissingColumn","sql":"SELECT \"role\", \"userId\", \"companyId\", \"customRoleId\", \"createdAt\", \"updatedAt\" FROM \"UserCompanies\" AS \"UserCompany\" WHERE \"UserCompany\".\"userId\" = '78be82ce-bc11-4702-9bae-01bd26472e02' AND \"UserCompany\".\"companyId\" = '9e2261ae-dd0a-47f9-b14d-5c6fb9dfb505';"},"original":{"length":112,"name":"error","severity":"ERROR","code":"42703","position":"39","file":"parse_relation.c","line":"3822","routine":"errorMissingColumn","sql":"SELECT \"role\", \"userId\", \"companyId\", \"customRoleId\", \"createdAt\", \"updatedAt\" FROM \"UserCompanies\" AS \"UserCompany\" WHERE \"UserCompany\".\"userId\" = '78be82ce-bc11-4702-9bae-01bd26472e02' AND \"UserCompany\".\"companyId\" = '9e2261ae-dd0a-47f9-b14d-5c6fb9dfb505';"},"sql":"SELECT \"role\", \"userId\", \"companyId\", \"customRoleId\", \"createdAt\", \"updatedAt\" FROM \"UserCompanies\" AS \"UserCompany\" WHERE \"UserCompany\".\"userId\" = '78be82ce-bc11-4702-9bae-01bd26472e02' AND \"UserCompany\".\"companyId\" = '9e2261ae-dd0a-47f9-b14d-5c6fb9dfb505';","parameters":{}}
[ERROR-6893ab4d716bd1f9] {"message":"column Companies->UserCompany.customRoleId does not exist","stack":"Error\n    at Query.run (C:\\Users\\loges\\OneDrive\\Desktop\\Tally\\Tally_accounting\\backend\\node_modules\\sequelize\\lib\\dialects\\postgres\\query.js:50:25)\n    at C:\\Users\\loges\\OneDrive\\Desktop\\Tally\\Tally_accounting\\backend\\node_modules\\sequelize\\lib\\sequelize.js:315:28\n    at process.processTicksAndRejections (node:internal/process/task_queues:105:5)\n    at async PostgresQueryInterface.select (C:\\Users\\loges\\OneDrive\\Desktop\\Tally\\Tally_accounting\\backend\\node_modules\\sequelize\\lib\\dialects\\abstract\\query-interface.js:407:12)\n    at async User.findAll (C:\\Users\\loges\\OneDrive\\Desktop\\Tally\\Tally_accounting\\backend\\node_modules\\sequelize\\lib\\model.js:1140:21)\n    at async User.findOne (C:\\Users\\loges\\OneDrive\\Desktop\\Tally\\Tally_accounting\\backend\\node_modules\\sequelize\\lib\\model.js:1240:12)\n    at async User.findByPk (C:\\Users\\loges\\OneDrive\\Desktop\\Tally\\Tally_accounting\\backend\\node_modules\\sequelize\\lib\\model.js:1221:12)\n    at async exports.getCompanies (C:\\Users\\loges\\OneDrive\\Desktop\\Tally\\Tally_accounting\\backend\\modules\\company\\company.controller.js:173:18)","path":"/api/companies","method":"GET","user":"78be82ce-bc11-4702-9bae-01bd26472e02"}
[ERROR-55b937aaf1f902c6] {"message":"column \"customRoleId\" does not exist","stack":"Error\n    at Query.run (C:\\Users\\loges\\OneDrive\\Desktop\\Tally\\Tally_accounting\\backend\\node_modules\\sequelize\\lib\\dialects\\postgres\\query.js:50:25)\n    at C:\\Users\\loges\\OneDrive\\Desktop\\Tally\\Tally_accounting\\backend\\node_modules\\sequelize\\lib\\sequelize.js:315:28\n    at process.processTicksAndRejections (node:internal/process/task_queues:105:5)\n    at async PostgresQueryInterface.select (C:\\Users\\loges\\OneDrive\\Desktop\\Tally\\Tally_accounting\\backend\\node_modules\\sequelize\\lib\\dialects\\abstract\\query-interface.js:407:12)\n    at async UserCompany.findAll (C:\\Users\\loges\\OneDrive\\Desktop\\Tally\\Tally_accounting\\backend\\node_modules\\sequelize\\lib\\model.js:1140:21)\n    at async UserCompany.findOne (C:\\Users\\loges\\OneDrive\\Desktop\\Tally\\Tally_accounting\\backend\\node_modules\\sequelize\\lib\\model.js:1240:12)\n    at async exports.tenantAccess (C:\\Users\\loges\\OneDrive\\Desktop\\Tally\\Tally_accounting\\backend\\middleware\\auth.middleware.js:97:28)","path":"/api/reports/dashboard/9e2261ae-dd0a-47f9-b14d-5c6fb9dfb505","method":"GET","user":"78be82ce-bc11-4702-9bae-01bd26472e02"}
[ERROR-0faabaaa4e168f3c] {"message":"column \"customRoleId\" does not exist","stack":"Error\n    at Query.run (C:\\Users\\loges\\OneDrive\\Desktop\\Tally\\Tally_accounting\\backend\\node_modules\\sequelize\\lib\\dialects\\postgres\\query.js:50:25)\n    at C:\\Users\\loges\\OneDrive\\Desktop\\Tally\\Tally_accounting\\backend\\node_modules\\sequelize\\lib\\sequelize.js:315:28\n    at process.processTicksAndRejections (node:internal/process/task_queues:105:5)\n    at async PostgresQueryInterface.select (C:\\Users\\loges\\OneDrive\\Desktop\\Tally\\Tally_accounting\\backend\\node_modules\\sequelize\\lib\\dialects\\abstract\\query-interface.js:407:12)\n    at async UserCompany.findAll (C:\\Users\\loges\\OneDrive\\Desktop\\Tally\\Tally_accounting\\backend\\node_modules\\sequelize\\lib\\model.js:1140:21)\n    at async UserCompany.findOne (C:\\Users\\loges\\OneDrive\\Desktop\\Tally\\Tally_accounting\\backend\\node_modules\\sequelize\\lib\\model.js:1240:12)\n    at async exports.tenantAccess (C:\\Users\\loges\\OneDrive\\Desktop\\Tally\\Tally_accounting\\backend\\middleware\\auth.middleware.js:97:28)","path":"/api/vouchers/9e2261ae-dd0a-47f9-b14d-5c6fb9dfb505","method":"GET","user":"78be82ce-bc11-4702-9bae-01bd26472e02"}
[ERROR-dc855b4f8f09a9ce] {"message":"column \"customRoleId\" does not exist","stack":"Error\n    at Query.run (C:\\Users\\loges\\OneDrive\\Desktop\\Tally\\Tally_accounting\\backend\\node_modules\\sequelize\\lib\\dialects\\postgres\\query.js:50:25)\n    at C:\\Users\\loges\\OneDrive\\Desktop\\Tally\\Tally_accounting\\backend\\node_modules\\sequelize\\lib\\sequelize.js:315:28\n    at process.processTicksAndRejections (node:internal/process/task_queues:105:5)\n    at async PostgresQueryInterface.select (C:\\Users\\loges\\OneDrive\\Desktop\\Tally\\Tally_accounting\\backend\\node_modules\\sequelize\\lib\\dialects\\abstract\\query-interface.js:407:12)\n    at async UserCompany.findAll (C:\\Users\\loges\\OneDrive\\Desktop\\Tally\\Tally_accounting\\backend\\node_modules\\sequelize\\lib\\model.js:1140:21)\n    at async UserCompany.findOne (C:\\Users\\loges\\OneDrive\\Desktop\\Tally\\Tally_accounting\\backend\\node_modules\\sequelize\\lib\\model.js:1240:12)\n    at async exports.tenantAccess (C:\\Users\\loges\\OneDrive\\Desktop\\Tally\\Tally_accounting\\backend\\middleware\\auth.middleware.js:97:28)","path":"/api/reports/inventory-report/9e2261ae-dd0a-47f9-b14d-5c6fb9dfb505","method":"GET","user":"78be82ce-bc11-4702-9bae-01bd26472e02"}
[ERROR-a1b37058fd25e147] {"message":"column Companies->UserCompany.customRoleId does not exist","stack":"Error\n    at Query.run (C:\\Users\\loges\\OneDrive\\Desktop\\Tally\\Tally_accounting\\backend\\node_modules\\sequelize\\lib\\dialects\\postgres\\query.js:50:25)\n    at C:\\Users\\loges\\OneDrive\\Desktop\\Tally\\Tally_accounting\\backend\\node_modules\\sequelize\\lib\\sequelize.js:315:28\n    at process.processTicksAndRejections (node:internal/process/task_queues:105:5)\n    at async PostgresQueryInterface.select (C:\\Users\\loges\\OneDrive\\Desktop\\Tally\\Tally_accounting\\backend\\node_modules\\sequelize\\lib\\dialects\\abstract\\query-interface.js:407:12)\n    at async User.findAll (C:\\Users\\loges\\OneDrive\\Desktop\\Tally\\Tally_accounting\\backend\\node_modules\\sequelize\\lib\\model.js:1140:21)\n    at async User.findOne (C:\\Users\\loges\\OneDrive\\Desktop\\Tally\\Tally_accounting\\backend\\node_modules\\sequelize\\lib\\model.js:1240:12)\n    at async User.findByPk (C:\\Users\\loges\\OneDrive\\Desktop\\Tally\\Tally_accounting\\backend\\node_modules\\sequelize\\lib\\model.js:1221:12)\n    at async exports.getCompanies (C:\\Users\\loges\\OneDrive\\Desktop\\Tally\\Tally_accounting\\backend\\modules\\company\\company.controller.js:173:18)","path":"/api/companies","method":"GET","user":"78be82ce-bc11-4702-9bae-01bd26472e02"}
[ERROR-63b129613a9d572c] {"message":"column \"customRoleId\" does not exist","stack":"Error\n    at Query.run (C:\\Users\\loges\\OneDrive\\Desktop\\Tally\\Tally_accounting\\backend\\node_modules\\sequelize\\lib\\dialects\\postgres\\query.js:50:25)\n    at C:\\Users\\loges\\OneDrive\\Desktop\\Tally\\Tally_accounting\\backend\\node_modules\\sequelize\\lib\\sequelize.js:315:28\n    at async PostgresQueryInterface.select (C:\\Users\\loges\\OneDrive\\Desktop\\Tally\\Tally_accounting\\backend\\node_modules\\sequelize\\lib\\dialects\\abstract\\query-interface.js:407:12)\n    at async UserCompany.findAll (C:\\Users\\loges\\OneDrive\\Desktop\\Tally\\Tally_accounting\\backend\\node_modules\\sequelize\\lib\\model.js:1140:21)\n    at async UserCompany.findOne (C:\\Users\\loges\\OneDrive\\Desktop\\Tally\\Tally_accounting\\backend\\node_modules\\sequelize\\lib\\model.js:1240:12)\n    at async exports.tenantAccess (C:\\Users\\loges\\OneDrive\\Desktop\\Tally\\Tally_accounting\\backend\\middleware\\auth.middleware.js:97:28)","path":"/api/reports/dashboard/9e2261ae-dd0a-47f9-b14d-5c6fb9dfb505","method":"GET","user":"78be82ce-bc11-4702-9bae-01bd26472e02"}
[ERROR-00194cebd356d9ac] {"message":"column \"customRoleId\" does not exist","stack":"Error\n    at Query.run (C:\\Users\\loges\\OneDrive\\Desktop\\Tally\\Tally_accounting\\backend\\node_modules\\sequelize\\lib\\dialects\\postgres\\query.js:50:25)\n    at C:\\Users\\loges\\OneDrive\\Desktop\\Tally\\Tally_accounting\\backend\\node_modules\\sequelize\\lib\\sequelize.js:315:28\n    at async PostgresQueryInterface.select (C:\\Users\\loges\\OneDrive\\Desktop\\Tally\\Tally_accounting\\backend\\node_modules\\sequelize\\lib\\dialects\\abstract\\query-interface.js:407:12)\n    at async UserCompany.findAll (C:\\Users\\loges\\OneDrive\\Desktop\\Tally\\Tally_accounting\\backend\\node_modules\\sequelize\\lib\\model.js:1140:21)\n    at async UserCompany.findOne (C:\\Users\\loges\\OneDrive\\Desktop\\Tally\\Tally_accounting\\backend\\node_modules\\sequelize\\lib\\model.js:1240:12)\n    at async exports.tenantAccess (C:\\Users\\loges\\OneDrive\\Desktop\\Tally\\Tally_accounting\\backend\\middleware\\auth.middleware.js:97:28)","path":"/api/vouchers/9e2261ae-dd0a-47f9-b14d-5c6fb9dfb505","method":"GET","user":"78be82ce-bc11-4702-9bae-01bd26472e02"}
[ERROR-cb8aeb42a25baed7] {"message":"column \"customRoleId\" does not exist","stack":"Error\n    at Query.run (C:\\Users\\loges\\OneDrive\\Desktop\\Tally\\Tally_accounting\\backend\\node_modules\\sequelize\\lib\\dialects\\postgres\\query.js:50:25)\n    at C:\\Users\\loges\\OneDrive\\Desktop\\Tally\\Tally_accounting\\backend\\node_modules\\sequelize\\lib\\sequelize.js:315:28\n    at async PostgresQueryInterface.select (C:\\Users\\loges\\OneDrive\\Desktop\\Tally\\Tally_accounting\\backend\\node_modules\\sequelize\\lib\\dialects\\abstract\\query-interface.js:407:12)\n    at async UserCompany.findAll (C:\\Users\\loges\\OneDrive\\Desktop\\Tally\\Tally_accounting\\backend\\node_modules\\sequelize\\lib\\model.js:1140:21)\n    at async UserCompany.findOne (C:\\Users\\loges\\OneDrive\\Desktop\\Tally\\Tally_accounting\\backend\\node_modules\\sequelize\\lib\\model.js:1240:12)\n    at async exports.tenantAccess (C:\\Users\\loges\\OneDrive\\Desktop\\Tally\\Tally_accounting\\backend\\middleware\\auth.middleware.js:97:28)","path":"/api/reports/inventory-report/9e2261ae-dd0a-47f9-b14d-5c6fb9dfb505","method":"GET","user":"78be82ce-bc11-4702-9bae-01bd26472e02"}
Error fetching company role: {"name":"SequelizeDatabaseError","parent":{"length":112,"name":"error","severity":"ERROR","code":"42703","position":"39","file":"parse_relation.c","line":"3822","routine":"errorMissingColumn","sql":"SELECT \"role\", \"userId\", \"companyId\", \"customRoleId\", \"createdAt\", \"updatedAt\" FROM \"UserCompanies\" AS \"UserCompany\" WHERE \"UserCompany\".\"userId\" = '78be82ce-bc11-4702-9bae-01bd26472e02' AND \"UserCompany\".\"companyId\" = '9e2261ae-dd0a-47f9-b14d-5c6fb9dfb505';"},"original":{"length":112,"name":"error","severity":"ERROR","code":"42703","position":"39","file":"parse_relation.c","line":"3822","routine":"errorMissingColumn","sql":"SELECT \"role\", \"userId\", \"companyId\", \"customRoleId\", \"createdAt\", \"updatedAt\" FROM \"UserCompanies\" AS \"UserCompany\" WHERE \"UserCompany\".\"userId\" = '78be82ce-bc11-4702-9bae-01bd26472e02' AND \"UserCompany\".\"companyId\" = '9e2261ae-dd0a-47f9-b14d-5c6fb9dfb505';"},"sql":"SELECT \"role\", \"userId\", \"companyId\", \"customRoleId\", \"createdAt\", \"updatedAt\" FROM \"UserCompanies\" AS \"UserCompany\" WHERE \"UserCompany\".\"userId\" = '78be82ce-bc11-4702-9bae-01bd26472e02' AND \"UserCompany\".\"companyId\" = '9e2261ae-dd0a-47f9-b14d-5c6fb9dfb505';","parameters":{}}
[ERROR-ef263c8d453ae026] {"message":"column \"customRoleId\" does not exist","stack":"Error\n    at Query.run (C:\\Users\\loges\\OneDrive\\Desktop\\Tally\\Tally_accounting\\backend\\node_modules\\sequelize\\lib\\dialects\\postgres\\query.js:50:25)\n    at C:\\Users\\loges\\OneDrive\\Desktop\\Tally\\Tally_accounting\\backend\\node_modules\\sequelize\\lib\\sequelize.js:315:28\n    at async PostgresQueryInterface.select (C:\\Users\\loges\\OneDrive\\Desktop\\Tally\\Tally_accounting\\backend\\node_modules\\sequelize\\lib\\dialects\\abstract\\query-interface.js:407:12)\n    at async UserCompany.findAll (C:\\Users\\loges\\OneDrive\\Desktop\\Tally\\Tally_accounting\\backend\\node_modules\\sequelize\\lib\\model.js:1140:21)\n    at async UserCompany.findOne (C:\\Users\\loges\\OneDrive\\Desktop\\Tally\\Tally_accounting\\backend\\node_modules\\sequelize\\lib\\model.js:1240:12)\n    at async exports.tenantAccess (C:\\Users\\loges\\OneDrive\\Desktop\\Tally\\Tally_accounting\\backend\\middleware\\auth.middleware.js:97:28)","path":"/api/reports/dashboard/9e2261ae-dd0a-47f9-b14d-5c6fb9dfb505","method":"GET","user":"78be82ce-bc11-4702-9bae-01bd26472e02"}
[ERROR-add3da0b328d6ef5] {"message":"column \"customRoleId\" does not exist","stack":"Error\n    at Query.run (C:\\Users\\loges\\OneDrive\\Desktop\\Tally\\Tally_accounting\\backend\\node_modules\\sequelize\\lib\\dialects\\postgres\\query.js:50:25)\n    at C:\\Users\\loges\\OneDrive\\Desktop\\Tally\\Tally_accounting\\backend\\node_modules\\sequelize\\lib\\sequelize.js:315:28\n    at runNextTicks (node:internal/process/task_queues:65:5)\n    at listOnTimeout (node:internal/timers:549:9)\n    at process.processTimers (node:internal/timers:523:7)\n    at async PostgresQueryInterface.select (C:\\Users\\loges\\OneDrive\\Desktop\\Tally\\Tally_accounting\\backend\\node_modules\\sequelize\\lib\\dialects\\abstract\\query-interface.js:407:12)\n    at async UserCompany.findAll (C:\\Users\\loges\\OneDrive\\Desktop\\Tally\\Tally_accounting\\backend\\node_modules\\sequelize\\lib\\model.js:1140:21)\n    at async UserCompany.findOne (C:\\Users\\loges\\OneDrive\\Desktop\\Tally\\Tally_accounting\\backend\\node_modules\\sequelize\\lib\\model.js:1240:12)\n    at async exports.tenantAccess (C:\\Users\\loges\\OneDrive\\Desktop\\Tally\\Tally_accounting\\backend\\middleware\\auth.middleware.js:97:28)","path":"/api/vouchers/9e2261ae-dd0a-47f9-b14d-5c6fb9dfb505","method":"GET","user":"78be82ce-bc11-4702-9bae-01bd26472e02"}
[ERROR-624ee59fbc08637e] {"message":"column \"customRoleId\" does not exist","stack":"Error\n    at Query.run (C:\\Users\\loges\\OneDrive\\Desktop\\Tally\\Tally_accounting\\backend\\node_modules\\sequelize\\lib\\dialects\\postgres\\query.js:50:25)\n    at C:\\Users\\loges\\OneDrive\\Desktop\\Tally\\Tally_accounting\\backend\\node_modules\\sequelize\\lib\\sequelize.js:315:28\n    at async PostgresQueryInterface.select (C:\\Users\\loges\\OneDrive\\Desktop\\Tally\\Tally_accounting\\backend\\node_modules\\sequelize\\lib\\dialects\\abstract\\query-interface.js:407:12)\n    at async UserCompany.findAll (C:\\Users\\loges\\OneDrive\\Desktop\\Tally\\Tally_accounting\\backend\\node_modules\\sequelize\\lib\\model.js:1140:21)\n    at async UserCompany.findOne (C:\\Users\\loges\\OneDrive\\Desktop\\Tally\\Tally_accounting\\backend\\node_modules\\sequelize\\lib\\model.js:1240:12)\n    at async exports.tenantAccess (C:\\Users\\loges\\OneDrive\\Desktop\\Tally\\Tally_accounting\\backend\\middleware\\auth.middleware.js:97:28)","path":"/api/reports/inventory-report/9e2261ae-dd0a-47f9-b14d-5c6fb9dfb505","method":"GET","user":"78be82ce-bc11-4702-9bae-01bd26472e02"}
Error fetching company role: {"name":"SequelizeDatabaseError","parent":{"length":112,"name":"error","severity":"ERROR","code":"42703","position":"39","file":"parse_relation.c","line":"3822","routine":"errorMissingColumn","sql":"SELECT \"role\", \"userId\", \"companyId\", \"customRoleId\", \"createdAt\", \"updatedAt\" FROM \"UserCompanies\" AS \"UserCompany\" WHERE \"UserCompany\".\"userId\" = '78be82ce-bc11-4702-9bae-01bd26472e02' AND \"UserCompany\".\"companyId\" = '9e2261ae-dd0a-47f9-b14d-5c6fb9dfb505';"},"original":{"length":112,"name":"error","severity":"ERROR","code":"42703","position":"39","file":"parse_relation.c","line":"3822","routine":"errorMissingColumn","sql":"SELECT \"role\", \"userId\", \"companyId\", \"customRoleId\", \"createdAt\", \"updatedAt\" FROM \"UserCompanies\" AS \"UserCompany\" WHERE \"UserCompany\".\"userId\" = '78be82ce-bc11-4702-9bae-01bd26472e02' AND \"UserCompany\".\"companyId\" = '9e2261ae-dd0a-47f9-b14d-5c6fb9dfb505';"},"sql":"SELECT \"role\", \"userId\", \"companyId\", \"customRoleId\", \"createdAt\", \"updatedAt\" FROM \"UserCompanies\" AS \"UserCompany\" WHERE \"UserCompany\".\"userId\" = '78be82ce-bc11-4702-9bae-01bd26472e02' AND \"UserCompany\".\"companyId\" = '9e2261ae-dd0a-47f9-b14d-5c6fb9dfb505';","parameters":{}}
[ERROR-1583915abb22bed6] {"message":"column Companies->UserCompany.customRoleId does not exist","stack":"Error\n    at Query.run (C:\\Users\\loges\\OneDrive\\Desktop\\Tally\\Tally_accounting\\backend\\node_modules\\sequelize\\lib\\dialects\\postgres\\query.js:50:25)\n    at C:\\Users\\loges\\OneDrive\\Desktop\\Tally\\Tally_accounting\\backend\\node_modules\\sequelize\\lib\\sequelize.js:315:28\n    at async PostgresQueryInterface.select (C:\\Users\\loges\\OneDrive\\Desktop\\Tally\\Tally_accounting\\backend\\node_modules\\sequelize\\lib\\dialects\\abstract\\query-interface.js:407:12)\n    at async User.findAll (C:\\Users\\loges\\OneDrive\\Desktop\\Tally\\Tally_accounting\\backend\\node_modules\\sequelize\\lib\\model.js:1140:21)\n    at async User.findOne (C:\\Users\\loges\\OneDrive\\Desktop\\Tally\\Tally_accounting\\backend\\node_modules\\sequelize\\lib\\model.js:1240:12)\n    at async User.findByPk (C:\\Users\\loges\\OneDrive\\Desktop\\Tally\\Tally_accounting\\backend\\node_modules\\sequelize\\lib\\model.js:1221:12)\n    at async exports.getCompanies (C:\\Users\\loges\\OneDrive\\Desktop\\Tally\\Tally_accounting\\backend\\modules\\company\\company.controller.js:173:18)","path":"/api/companies","method":"GET","user":"78be82ce-bc11-4702-9bae-01bd26472e02"}
[ERROR-dee31aeef75fc830] {"message":"column \"customRoleId\" does not exist","stack":"Error\n    at Query.run (C:\\Users\\loges\\OneDrive\\Desktop\\Tally\\Tally_accounting\\backend\\node_modules\\sequelize\\lib\\dialects\\postgres\\query.js:50:25)\n    at C:\\Users\\loges\\OneDrive\\Desktop\\Tally\\Tally_accounting\\backend\\node_modules\\sequelize\\lib\\sequelize.js:315:28\n    at async PostgresQueryInterface.select (C:\\Users\\loges\\OneDrive\\Desktop\\Tally\\Tally_accounting\\backend\\node_modules\\sequelize\\lib\\dialects\\abstract\\query-interface.js:407:12)\n    at async UserCompany.findAll (C:\\Users\\loges\\OneDrive\\Desktop\\Tally\\Tally_accounting\\backend\\node_modules\\sequelize\\lib\\model.js:1140:21)\n    at async UserCompany.findOne (C:\\Users\\loges\\OneDrive\\Desktop\\Tally\\Tally_accounting\\backend\\node_modules\\sequelize\\lib\\model.js:1240:12)\n    at async exports.tenantAccess (C:\\Users\\loges\\OneDrive\\Desktop\\Tally\\Tally_accounting\\backend\\middleware\\auth.middleware.js:97:28)","path":"/api/reports/dashboard/9e2261ae-dd0a-47f9-b14d-5c6fb9dfb505","method":"GET","user":"78be82ce-bc11-4702-9bae-01bd26472e02"}
[ERROR-f14f12c9f28bb949] {"message":"column \"customRoleId\" does not exist","stack":"Error\n    at Query.run (C:\\Users\\loges\\OneDrive\\Desktop\\Tally\\Tally_accounting\\backend\\node_modules\\sequelize\\lib\\dialects\\postgres\\query.js:50:25)\n    at C:\\Users\\loges\\OneDrive\\Desktop\\Tally\\Tally_accounting\\backend\\node_modules\\sequelize\\lib\\sequelize.js:315:28\n    at async PostgresQueryInterface.select (C:\\Users\\loges\\OneDrive\\Desktop\\Tally\\Tally_accounting\\backend\\node_modules\\sequelize\\lib\\dialects\\abstract\\query-interface.js:407:12)\n    at async UserCompany.findAll (C:\\Users\\loges\\OneDrive\\Desktop\\Tally\\Tally_accounting\\backend\\node_modules\\sequelize\\lib\\model.js:1140:21)\n    at async UserCompany.findOne (C:\\Users\\loges\\OneDrive\\Desktop\\Tally\\Tally_accounting\\backend\\node_modules\\sequelize\\lib\\model.js:1240:12)\n    at async exports.tenantAccess (C:\\Users\\loges\\OneDrive\\Desktop\\Tally\\Tally_accounting\\backend\\middleware\\auth.middleware.js:97:28)","path":"/api/vouchers/9e2261ae-dd0a-47f9-b14d-5c6fb9dfb505","method":"GET","user":"78be82ce-bc11-4702-9bae-01bd26472e02"}
[ERROR-87048086dfc50e9e] {"message":"column \"customRoleId\" does not exist","stack":"Error\n    at Query.run (C:\\Users\\loges\\OneDrive\\Desktop\\Tally\\Tally_accounting\\backend\\node_modules\\sequelize\\lib\\dialects\\postgres\\query.js:50:25)\n    at C:\\Users\\loges\\OneDrive\\Desktop\\Tally\\Tally_accounting\\backend\\node_modules\\sequelize\\lib\\sequelize.js:315:28\n    at async PostgresQueryInterface.select (C:\\Users\\loges\\OneDrive\\Desktop\\Tally\\Tally_accounting\\backend\\node_modules\\sequelize\\lib\\dialects\\abstract\\query-interface.js:407:12)\n    at async UserCompany.findAll (C:\\Users\\loges\\OneDrive\\Desktop\\Tally\\Tally_accounting\\backend\\node_modules\\sequelize\\lib\\model.js:1140:21)\n    at async UserCompany.findOne (C:\\Users\\loges\\OneDrive\\Desktop\\Tally\\Tally_accounting\\backend\\node_modules\\sequelize\\lib\\model.js:1240:12)\n    at async exports.tenantAccess (C:\\Users\\loges\\OneDrive\\Desktop\\Tally\\Tally_accounting\\backend\\middleware\\auth.middleware.js:97:28)","path":"/api/reports/inventory-report/9e2261ae-dd0a-47f9-b14d-5c6fb9dfb505","method":"GET","user":"78be82ce-bc11-4702-9bae-01bd26472e02"}
[ERROR-4242fccacc4ba3eb] {"message":"column Companies->UserCompany.customRoleId does not exist","stack":"Error\n    at Query.run (C:\\Users\\loges\\OneDrive\\Desktop\\Tally\\Tally_accounting\\backend\\node_modules\\sequelize\\lib\\dialects\\postgres\\query.js:50:25)\n    at C:\\Users\\loges\\OneDrive\\Desktop\\Tally\\Tally_accounting\\backend\\node_modules\\sequelize\\lib\\sequelize.js:315:28\n    at async PostgresQueryInterface.select (C:\\Users\\loges\\OneDrive\\Desktop\\Tally\\Tally_accounting\\backend\\node_modules\\sequelize\\lib\\dialects\\abstract\\query-interface.js:407:12)\n    at async User.findAll (C:\\Users\\loges\\OneDrive\\Desktop\\Tally\\Tally_accounting\\backend\\node_modules\\sequelize\\lib\\model.js:1140:21)\n    at async User.findOne (C:\\Users\\loges\\OneDrive\\Desktop\\Tally\\Tally_accounting\\backend\\node_modules\\sequelize\\lib\\model.js:1240:12)\n    at async User.findByPk (C:\\Users\\loges\\OneDrive\\Desktop\\Tally\\Tally_accounting\\backend\\node_modules\\sequelize\\lib\\model.js:1221:12)\n    at async exports.getCompanies (C:\\Users\\loges\\OneDrive\\Desktop\\Tally\\Tally_accounting\\backend\\modules\\company\\company.controller.js:173:18)","path":"/api/companies","method":"GET","user":"78be82ce-bc11-4702-9bae-01bd26472e02"}
[ERROR-26dc834cd326e174] {"message":"column Companies->UserCompany.customRoleId does not exist","stack":"Error\n    at Query.run (C:\\Users\\loges\\OneDrive\\Desktop\\Tally\\Tally_accounting\\backend\\node_modules\\sequelize\\lib\\dialects\\postgres\\query.js:50:25)\n    at C:\\Users\\loges\\OneDrive\\Desktop\\Tally\\Tally_accounting\\backend\\node_modules\\sequelize\\lib\\sequelize.js:315:28\n    at process.processTicksAndRejections (node:internal/process/task_queues:105:5)\n    at async PostgresQueryInterface.select (C:\\Users\\loges\\OneDrive\\Desktop\\Tally\\Tally_accounting\\backend\\node_modules\\sequelize\\lib\\dialects\\abstract\\query-interface.js:407:12)\n    at async User.findAll (C:\\Users\\loges\\OneDrive\\Desktop\\Tally\\Tally_accounting\\backend\\node_modules\\sequelize\\lib\\model.js:1140:21)\n    at async User.findOne (C:\\Users\\loges\\OneDrive\\Desktop\\Tally\\Tally_accounting\\backend\\node_modules\\sequelize\\lib\\model.js:1240:12)\n    at async User.findByPk (C:\\Users\\loges\\OneDrive\\Desktop\\Tally\\Tally_accounting\\backend\\node_modules\\sequelize\\lib\\model.js:1221:12)\n    at async exports.getCompanies (C:\\Users\\loges\\OneDrive\\Desktop\\Tally\\Tally_accounting\\backend\\modules\\company\\company.controller.js:173:18)","path":"/api/companies","method":"GET","user":"e99601d0-bae2-49f5-ae61-6e3980e6d427"}
[ERROR-2dc7a88ae8def070] {"message":"column Companies->UserCompany.customRoleId does not exist","stack":"Error\n    at Query.run (C:\\Users\\loges\\OneDrive\\Desktop\\Tally\\Tally_accounting\\backend\\node_modules\\sequelize\\lib\\dialects\\postgres\\query.js:50:25)\n    at C:\\Users\\loges\\OneDrive\\Desktop\\Tally\\Tally_accounting\\backend\\node_modules\\sequelize\\lib\\sequelize.js:315:28\n    at async PostgresQueryInterface.select (C:\\Users\\loges\\OneDrive\\Desktop\\Tally\\Tally_accounting\\backend\\node_modules\\sequelize\\lib\\dialects\\abstract\\query-interface.js:407:12)\n    at async User.findAll (C:\\Users\\loges\\OneDrive\\Desktop\\Tally\\Tally_accounting\\backend\\node_modules\\sequelize\\lib\\model.js:1140:21)\n    at async User.findOne (C:\\Users\\loges\\OneDrive\\Desktop\\Tally\\Tally_accounting\\backend\\node_modules\\sequelize\\lib\\model.js:1240:12)\n    at async User.findByPk (C:\\Users\\loges\\OneDrive\\Desktop\\Tally\\Tally_accounting\\backend\\node_modules\\sequelize\\lib\\model.js:1221:12)\n    at async exports.getCompanies (C:\\Users\\loges\\OneDrive\\Desktop\\Tally\\Tally_accounting\\backend\\modules\\company\\company.controller.js:173:18)","path":"/api/companies","method":"GET","user":"e99601d0-bae2-49f5-ae61-6e3980e6d427"}
[ERROR-70e31ed84bd6931f] {"message":"column Companies->UserCompany.customRoleId does not exist","stack":"Error\n    at Query.run (C:\\Users\\loges\\OneDrive\\Desktop\\Tally\\Tally_accounting\\backend\\node_modules\\sequelize\\lib\\dialects\\postgres\\query.js:50:25)\n    at C:\\Users\\loges\\OneDrive\\Desktop\\Tally\\Tally_accounting\\backend\\node_modules\\sequelize\\lib\\sequelize.js:315:28\n    at async PostgresQueryInterface.select (C:\\Users\\loges\\OneDrive\\Desktop\\Tally\\Tally_accounting\\backend\\node_modules\\sequelize\\lib\\dialects\\abstract\\query-interface.js:407:12)\n    at async User.findAll (C:\\Users\\loges\\OneDrive\\Desktop\\Tally\\Tally_accounting\\backend\\node_modules\\sequelize\\lib\\model.js:1140:21)\n    at async User.findOne (C:\\Users\\loges\\OneDrive\\Desktop\\Tally\\Tally_accounting\\backend\\node_modules\\sequelize\\lib\\model.js:1240:12)\n    at async User.findByPk (C:\\Users\\loges\\OneDrive\\Desktop\\Tally\\Tally_accounting\\backend\\node_modules\\sequelize\\lib\\model.js:1221:12)\n    at async exports.getCompanies (C:\\Users\\loges\\OneDrive\\Desktop\\Tally\\Tally_accounting\\backend\\modules\\company\\company.controller.js:173:18)","path":"/api/companies","method":"GET","user":"e99601d0-bae2-49f5-ae61-6e3980e6d427"}
[ERROR-73ceae3fda0ae539] {"message":"column Companies->UserCompany.customRoleId does not exist","stack":"Error\n    at Query.run (C:\\Users\\loges\\OneDrive\\Desktop\\Tally\\Tally_accounting\\backend\\node_modules\\sequelize\\lib\\dialects\\postgres\\query.js:50:25)\n    at C:\\Users\\loges\\OneDrive\\Desktop\\Tally\\Tally_accounting\\backend\\node_modules\\sequelize\\lib\\sequelize.js:315:28\n    at async PostgresQueryInterface.select (C:\\Users\\loges\\OneDrive\\Desktop\\Tally\\Tally_accounting\\backend\\node_modules\\sequelize\\lib\\dialects\\abstract\\query-interface.js:407:12)\n    at async User.findAll (C:\\Users\\loges\\OneDrive\\Desktop\\Tally\\Tally_accounting\\backend\\node_modules\\sequelize\\lib\\model.js:1140:21)\n    at async User.findOne (C:\\Users\\loges\\OneDrive\\Desktop\\Tally\\Tally_accounting\\backend\\node_modules\\sequelize\\lib\\model.js:1240:12)\n    at async User.findByPk (C:\\Users\\loges\\OneDrive\\Desktop\\Tally\\Tally_accounting\\backend\\node_modules\\sequelize\\lib\\model.js:1221:12)\n    at async exports.getCompanies (C:\\Users\\loges\\OneDrive\\Desktop\\Tally\\Tally_accounting\\backend\\modules\\company\\company.controller.js:173:18)","path":"/api/companies","method":"GET","user":"e99601d0-bae2-49f5-ae61-6e3980e6d427"}
[ERROR-e82a8f42f6fcee48] {"message":"WHERE parameter \"CompanyId\" has invalid \"undefined\" value","stack":"Error: WHERE parameter \"CompanyId\" has invalid \"undefined\" value\n    at PostgresQueryGenerator.whereItemQuery (C:\\Users\\loges\\OneDrive\\Desktop\\Tally\\Tally_accounting\\backend\\node_modules\\sequelize\\lib\\dialects\\abstract\\query-generator.js:1770:13)\n    at C:\\Users\\loges\\OneDrive\\Desktop\\Tally\\Tally_accounting\\backend\\node_modules\\sequelize\\lib\\dialects\\abstract\\query-generator.js:1761:25\n    at Array.forEach (<anonymous>)\n    at PostgresQueryGenerator.whereItemsQuery (C:\\Users\\loges\\OneDrive\\Desktop\\Tally\\Tally_accounting\\backend\\node_modules\\sequelize\\lib\\dialects\\abstract\\query-generator.js:1759:35)\n    at PostgresQueryGenerator.getWhereConditions (C:\\Users\\loges\\OneDrive\\Desktop\\Tally\\Tally_accounting\\backend\\node_modules\\sequelize\\lib\\dialects\\abstract\\query-generator.js:2108:19)\n    at PostgresQueryGenerator.selectQuery (C:\\Users\\loges\\OneDrive\\Desktop\\Tally\\Tally_accounting\\backend\\node_modules\\sequelize\\lib\\dialects\\abstract\\query-generator.js:1015:28)\n    at PostgresQueryInterface.select (C:\\Users\\loges\\OneDrive\\Desktop\\Tally\\Tally_accounting\\backend\\node_modules\\sequelize\\lib\\dialects\\abstract\\query-interface.js:407:59)\n    at CustomRole.findAll (C:\\Users\\loges\\OneDrive\\Desktop\\Tally\\Tally_accounting\\backend\\node_modules\\sequelize\\lib\\model.js:1140:47)\n    at process.processTicksAndRejections (node:internal/process/task_queues:105:5)\n    at async exports.getRoles (C:\\Users\\loges\\OneDrive\\Desktop\\Tally\\Tally_accounting\\backend\\modules\\roles\\roles.controller.js:40:19)","path":"/api/roles","method":"GET","user":"e99601d0-bae2-49f5-ae61-6e3980e6d427"}
[ERROR-09718499d64a48b5] {"message":"WHERE parameter \"CompanyId\" has invalid \"undefined\" value","stack":"Error: WHERE parameter \"CompanyId\" has invalid \"undefined\" value\n    at PostgresQueryGenerator.whereItemQuery (C:\\Users\\loges\\OneDrive\\Desktop\\Tally\\Tally_accounting\\backend\\node_modules\\sequelize\\lib\\dialects\\abstract\\query-generator.js:1770:13)\n    at C:\\Users\\loges\\OneDrive\\Desktop\\Tally\\Tally_accounting\\backend\\node_modules\\sequelize\\lib\\dialects\\abstract\\query-generator.js:1761:25\n    at Array.forEach (<anonymous>)\n    at PostgresQueryGenerator.whereItemsQuery (C:\\Users\\loges\\OneDrive\\Desktop\\Tally\\Tally_accounting\\backend\\node_modules\\sequelize\\lib\\dialects\\abstract\\query-generator.js:1759:35)\n    at PostgresQueryGenerator.getWhereConditions (C:\\Users\\loges\\OneDrive\\Desktop\\Tally\\Tally_accounting\\backend\\node_modules\\sequelize\\lib\\dialects\\abstract\\query-generator.js:2108:19)\n    at PostgresQueryGenerator.selectQuery (C:\\Users\\loges\\OneDrive\\Desktop\\Tally\\Tally_accounting\\backend\\node_modules\\sequelize\\lib\\dialects\\abstract\\query-generator.js:1015:28)\n    at PostgresQueryInterface.select (C:\\Users\\loges\\OneDrive\\Desktop\\Tally\\Tally_accounting\\backend\\node_modules\\sequelize\\lib\\dialects\\abstract\\query-interface.js:407:59)\n    at CustomRole.findAll (C:\\Users\\loges\\OneDrive\\Desktop\\Tally\\Tally_accounting\\backend\\node_modules\\sequelize\\lib\\model.js:1140:47)\n    at process.processTicksAndRejections (node:internal/process/task_queues:105:5)\n    at async exports.getRoles (C:\\Users\\loges\\OneDrive\\Desktop\\Tally\\Tally_accounting\\backend\\modules\\roles\\roles.controller.js:40:19)","path":"/api/roles","method":"GET","user":"e99601d0-bae2-49f5-ae61-6e3980e6d427"}
[ERROR-d03cb13a4b5ff4fa] {"message":"column Companies->UserCompany.customRoleId does not exist","stack":"Error\n    at Query.run (C:\\Users\\loges\\OneDrive\\Desktop\\Tally\\Tally_accounting\\backend\\node_modules\\sequelize\\lib\\dialects\\postgres\\query.js:50:25)\n    at C:\\Users\\loges\\OneDrive\\Desktop\\Tally\\Tally_accounting\\backend\\node_modules\\sequelize\\lib\\sequelize.js:315:28\n    at async PostgresQueryInterface.select (C:\\Users\\loges\\OneDrive\\Desktop\\Tally\\Tally_accounting\\backend\\node_modules\\sequelize\\lib\\dialects\\abstract\\query-interface.js:407:12)\n    at async User.findAll (C:\\Users\\loges\\OneDrive\\Desktop\\Tally\\Tally_accounting\\backend\\node_modules\\sequelize\\lib\\model.js:1140:21)\n    at async User.findOne (C:\\Users\\loges\\OneDrive\\Desktop\\Tally\\Tally_accounting\\backend\\node_modules\\sequelize\\lib\\model.js:1240:12)\n    at async User.findByPk (C:\\Users\\loges\\OneDrive\\Desktop\\Tally\\Tally_accounting\\backend\\node_modules\\sequelize\\lib\\model.js:1221:12)\n    at async exports.getCompanies (C:\\Users\\loges\\OneDrive\\Desktop\\Tally\\Tally_accounting\\backend\\modules\\company\\company.controller.js:173:18)","path":"/api/companies","method":"GET","user":"e99601d0-bae2-49f5-ae61-6e3980e6d427"}
[ERROR-8347d2ae4d792d8a] {"message":"column Companies->UserCompany.customRoleId does not exist","stack":"Error\n    at Query.run (C:\\Users\\loges\\OneDrive\\Desktop\\Tally\\Tally_accounting\\backend\\node_modules\\sequelize\\lib\\dialects\\postgres\\query.js:50:25)\n    at C:\\Users\\loges\\OneDrive\\Desktop\\Tally\\Tally_accounting\\backend\\node_modules\\sequelize\\lib\\sequelize.js:315:28\n    at async PostgresQueryInterface.select (C:\\Users\\loges\\OneDrive\\Desktop\\Tally\\Tally_accounting\\backend\\node_modules\\sequelize\\lib\\dialects\\abstract\\query-interface.js:407:12)\n    at async User.findAll (C:\\Users\\loges\\OneDrive\\Desktop\\Tally\\Tally_accounting\\backend\\node_modules\\sequelize\\lib\\model.js:1140:21)\n    at async User.findOne (C:\\Users\\loges\\OneDrive\\Desktop\\Tally\\Tally_accounting\\backend\\node_modules\\sequelize\\lib\\model.js:1240:12)\n    at async User.findByPk (C:\\Users\\loges\\OneDrive\\Desktop\\Tally\\Tally_accounting\\backend\\node_modules\\sequelize\\lib\\model.js:1221:12)\n    at async exports.getCompanies (C:\\Users\\loges\\OneDrive\\Desktop\\Tally\\Tally_accounting\\backend\\modules\\company\\company.controller.js:173:18)","path":"/api/companies","method":"GET","user":"e99601d0-bae2-49f5-ae61-6e3980e6d427"}
[ERROR-037716dde20e315a] {"message":"column Companies->UserCompany.customRoleId does not exist","stack":"Error\n    at Query.run (C:\\Users\\loges\\OneDrive\\Desktop\\Tally\\Tally_accounting\\backend\\node_modules\\sequelize\\lib\\dialects\\postgres\\query.js:50:25)\n    at C:\\Users\\loges\\OneDrive\\Desktop\\Tally\\Tally_accounting\\backend\\node_modules\\sequelize\\lib\\sequelize.js:315:28\n    at async PostgresQueryInterface.select (C:\\Users\\loges\\OneDrive\\Desktop\\Tally\\Tally_accounting\\backend\\node_modules\\sequelize\\lib\\dialects\\abstract\\query-interface.js:407:12)\n    at async User.findAll (C:\\Users\\loges\\OneDrive\\Desktop\\Tally\\Tally_accounting\\backend\\node_modules\\sequelize\\lib\\model.js:1140:21)\n    at async User.findOne (C:\\Users\\loges\\OneDrive\\Desktop\\Tally\\Tally_accounting\\backend\\node_modules\\sequelize\\lib\\model.js:1240:12)\n    at async User.findByPk (C:\\Users\\loges\\OneDrive\\Desktop\\Tally\\Tally_accounting\\backend\\node_modules\\sequelize\\lib\\model.js:1221:12)\n    at async exports.getCompanies (C:\\Users\\loges\\OneDrive\\Desktop\\Tally\\Tally_accounting\\backend\\modules\\company\\company.controller.js:173:18)","path":"/api/companies","method":"GET","user":"e99601d0-bae2-49f5-ae61-6e3980e6d427"}
[ERROR-71272337ca71b0d6] {"message":"column Companies->UserCompany.customRoleId does not exist","stack":"Error\n    at Query.run (C:\\Users\\loges\\OneDrive\\Desktop\\Tally\\Tally_accounting\\backend\\node_modules\\sequelize\\lib\\dialects\\postgres\\query.js:50:25)\n    at C:\\Users\\loges\\OneDrive\\Desktop\\Tally\\Tally_accounting\\backend\\node_modules\\sequelize\\lib\\sequelize.js:315:28\n    at async PostgresQueryInterface.select (C:\\Users\\loges\\OneDrive\\Desktop\\Tally\\Tally_accounting\\backend\\node_modules\\sequelize\\lib\\dialects\\abstract\\query-interface.js:407:12)\n    at async User.findAll (C:\\Users\\loges\\OneDrive\\Desktop\\Tally\\Tally_accounting\\backend\\node_modules\\sequelize\\lib\\model.js:1140:21)\n    at async User.findOne (C:\\Users\\loges\\OneDrive\\Desktop\\Tally\\Tally_accounting\\backend\\node_modules\\sequelize\\lib\\model.js:1240:12)\n    at async User.findByPk (C:\\Users\\loges\\OneDrive\\Desktop\\Tally\\Tally_accounting\\backend\\node_modules\\sequelize\\lib\\model.js:1221:12)\n    at async exports.getCompanies (C:\\Users\\loges\\OneDrive\\Desktop\\Tally\\Tally_accounting\\backend\\modules\\company\\company.controller.js:173:18)","path":"/api/companies","method":"GET","user":"e99601d0-bae2-49f5-ae61-6e3980e6d427"}
[ERROR-55d6168d91549613] {"message":"WHERE parameter \"CompanyId\" has invalid \"undefined\" value","stack":"Error: WHERE parameter \"CompanyId\" has invalid \"undefined\" value\n    at PostgresQueryGenerator.whereItemQuery (C:\\Users\\loges\\OneDrive\\Desktop\\Tally\\Tally_accounting\\backend\\node_modules\\sequelize\\lib\\dialects\\abstract\\query-generator.js:1770:13)\n    at C:\\Users\\loges\\OneDrive\\Desktop\\Tally\\Tally_accounting\\backend\\node_modules\\sequelize\\lib\\dialects\\abstract\\query-generator.js:1761:25\n    at Array.forEach (<anonymous>)\n    at PostgresQueryGenerator.whereItemsQuery (C:\\Users\\loges\\OneDrive\\Desktop\\Tally\\Tally_accounting\\backend\\node_modules\\sequelize\\lib\\dialects\\abstract\\query-generator.js:1759:35)\n    at PostgresQueryGenerator.getWhereConditions (C:\\Users\\loges\\OneDrive\\Desktop\\Tally\\Tally_accounting\\backend\\node_modules\\sequelize\\lib\\dialects\\abstract\\query-generator.js:2108:19)\n    at PostgresQueryGenerator.selectQuery (C:\\Users\\loges\\OneDrive\\Desktop\\Tally\\Tally_accounting\\backend\\node_modules\\sequelize\\lib\\dialects\\abstract\\query-generator.js:1015:28)\n    at PostgresQueryInterface.select (C:\\Users\\loges\\OneDrive\\Desktop\\Tally\\Tally_accounting\\backend\\node_modules\\sequelize\\lib\\dialects\\abstract\\query-interface.js:407:59)\n    at CustomRole.findAll (C:\\Users\\loges\\OneDrive\\Desktop\\Tally\\Tally_accounting\\backend\\node_modules\\sequelize\\lib\\model.js:1140:47)\n    at process.processTicksAndRejections (node:internal/process/task_queues:105:5)\n    at async exports.getRoles (C:\\Users\\loges\\OneDrive\\Desktop\\Tally\\Tally_accounting\\backend\\modules\\roles\\roles.controller.js:40:19)","path":"/api/roles","method":"GET","user":"e99601d0-bae2-49f5-ae61-6e3980e6d427"}
[ERROR-c45ac18b925279fd] {"message":"WHERE parameter \"CompanyId\" has invalid \"undefined\" value","stack":"Error: WHERE parameter \"CompanyId\" has invalid \"undefined\" value\n    at PostgresQueryGenerator.whereItemQuery (C:\\Users\\loges\\OneDrive\\Desktop\\Tally\\Tally_accounting\\backend\\node_modules\\sequelize\\lib\\dialects\\abstract\\query-generator.js:1770:13)\n    at C:\\Users\\loges\\OneDrive\\Desktop\\Tally\\Tally_accounting\\backend\\node_modules\\sequelize\\lib\\dialects\\abstract\\query-generator.js:1761:25\n    at Array.forEach (<anonymous>)\n    at PostgresQueryGenerator.whereItemsQuery (C:\\Users\\loges\\OneDrive\\Desktop\\Tally\\Tally_accounting\\backend\\node_modules\\sequelize\\lib\\dialects\\abstract\\query-generator.js:1759:35)\n    at PostgresQueryGenerator.getWhereConditions (C:\\Users\\loges\\OneDrive\\Desktop\\Tally\\Tally_accounting\\backend\\node_modules\\sequelize\\lib\\dialects\\abstract\\query-generator.js:2108:19)\n    at PostgresQueryGenerator.selectQuery (C:\\Users\\loges\\OneDrive\\Desktop\\Tally\\Tally_accounting\\backend\\node_modules\\sequelize\\lib\\dialects\\abstract\\query-generator.js:1015:28)\n    at PostgresQueryInterface.select (C:\\Users\\loges\\OneDrive\\Desktop\\Tally\\Tally_accounting\\backend\\node_modules\\sequelize\\lib\\dialects\\abstract\\query-interface.js:407:59)\n    at CustomRole.findAll (C:\\Users\\loges\\OneDrive\\Desktop\\Tally\\Tally_accounting\\backend\\node_modules\\sequelize\\lib\\model.js:1140:47)\n    at process.processTicksAndRejections (node:internal/process/task_queues:105:5)\n    at async exports.getRoles (C:\\Users\\loges\\OneDrive\\Desktop\\Tally\\Tally_accounting\\backend\\modules\\roles\\roles.controller.js:40:19)","path":"/api/roles","method":"GET","user":"e99601d0-bae2-49f5-ae61-6e3980e6d427"}
❌ Database connection/sync failed: default for column "role" cannot be cast automatically to type "enum_UserCompanies_role"
❌ Database connection/sync failed: default for column "role" cannot be cast automatically to type "enum_UserCompanies_role"
❌ Database connection/sync failed: default for column "role" cannot be cast automatically to type "enum_UserCompanies_role"
❌ Database connection/sync failed: default for column "role" cannot be cast automatically to type "enum_UserCompanies_role"
❌ Database connection/sync failed: default for column "role" cannot be cast automatically to type "enum_UserCompanies_role"
❌ Database connection/sync failed: default for column "role" cannot be cast automatically to type "enum_UserCompanies_role"
❌ Database connection/sync failed: default for column "role" cannot be cast automatically to type "enum_UserCompanies_role"
❌ Database connection/sync failed: default for column "role" cannot be cast automatically to type "enum_UserCompanies_role"
❌ Database connection/sync failed: default for column "role" cannot be cast automatically to type "enum_UserCompanies_role"
❌ Database connection/sync failed: default for column "role" cannot be cast automatically to type "enum_UserCompanies_role"
❌ Critical Hub Entry Failure: Could not connect to database after multiple attempts.
{"name":"SequelizeDatabaseError","parent":{"length":159,"name":"error","severity":"ERROR","code":"42804","file":"tablecmds.c","line":"14825","routine":"ATExecAlterColumnType","sql":"ALTER TABLE \"UserCompanies\" ALTER COLUMN \"role\" DROP NOT NULL;ALTER TABLE \"UserCompanies\" ALTER COLUMN \"role\" SET DEFAULT 'VIEWER';DO 'BEGIN CREATE TYPE \"public\".\"enum_UserCompanies_role\" AS ENUM(''SUPER_ADMIN'', ''ADMIN'', ''ACCOUNTANT'', ''MANAGER'', ''AUDITOR'', ''VIEWER'', ''EMPLOYEE''); EXCEPTION WHEN duplicate_object THEN null; END';ALTER TABLE \"UserCompanies\" ALTER COLUMN \"role\" TYPE \"public\".\"enum_UserCompanies_role\" USING (\"role\"::\"public\".\"enum_UserCompanies_role\");"},"original":{"length":159,"name":"error","severity":"ERROR","code":"42804","file":"tablecmds.c","line":"14825","routine":"ATExecAlterColumnType","sql":"ALTER TABLE \"UserCompanies\" ALTER COLUMN \"role\" DROP NOT NULL;ALTER TABLE \"UserCompanies\" ALTER COLUMN \"role\" SET DEFAULT 'VIEWER';DO 'BEGIN CREATE TYPE \"public\".\"enum_UserCompanies_role\" AS ENUM(''SUPER_ADMIN'', ''ADMIN'', ''ACCOUNTANT'', ''MANAGER'', ''AUDITOR'', ''VIEWER'', ''EMPLOYEE''); EXCEPTION WHEN duplicate_object THEN null; END';ALTER TABLE \"UserCompanies\" ALTER COLUMN \"role\" TYPE \"public\".\"enum_UserCompanies_role\" USING (\"role\"::\"public\".\"enum_UserCompanies_role\");"},"sql":"ALTER TABLE \"UserCompanies\" ALTER COLUMN \"role\" DROP NOT NULL;ALTER TABLE \"UserCompanies\" ALTER COLUMN \"role\" SET DEFAULT 'VIEWER';DO 'BEGIN CREATE TYPE \"public\".\"enum_UserCompanies_role\" AS ENUM(''SUPER_ADMIN'', ''ADMIN'', ''ACCOUNTANT'', ''MANAGER'', ''AUDITOR'', ''VIEWER'', ''EMPLOYEE''); EXCEPTION WHEN duplicate_object THEN null; END';ALTER TABLE \"UserCompanies\" ALTER COLUMN \"role\" TYPE \"public\".\"enum_UserCompanies_role\" USING (\"role\"::\"public\".\"enum_UserCompanies_role\");","parameters":{}}
❌ Database connection/sync failed: default for column "role" cannot be cast automatically to type "enum_UserCompanies_role"
❌ Database connection/sync failed: default for column "role" cannot be cast automatically to type "enum_UserCompanies_role"
❌ Database connection/sync failed: default for column "role" cannot be cast automatically to type "enum_UserCompanies_role"
❌ Database connection/sync failed: default for column "role" cannot be cast automatically to type "enum_UserCompanies_role"
❌ Database connection/sync failed: default for column "role" cannot be cast automatically to type "enum_UserCompanies_role"
❌ Database connection/sync failed: default for column "role" cannot be cast automatically to type "enum_UserCompanies_role"
❌ Database connection/sync failed: default for column "role" cannot be cast automatically to type "enum_UserCompanies_role"
❌ Database connection/sync failed: default for column "role" cannot be cast automatically to type "enum_UserCompanies_role"
❌ Critical Hub Entry Failure: Could not connect to database after multiple attempts.
{"name":"SequelizeDatabaseError","parent":{"length":159,"name":"error","severity":"ERROR","code":"42804","file":"tablecmds.c","line":"14825","routine":"ATExecAlterColumnType","sql":"ALTER TABLE \"UserCompanies\" ALTER COLUMN \"role\" DROP NOT NULL;ALTER TABLE \"UserCompanies\" ALTER COLUMN \"role\" SET DEFAULT 'VIEWER';DO 'BEGIN CREATE TYPE \"public\".\"enum_UserCompanies_role\" AS ENUM(''SUPER_ADMIN'', ''ADMIN'', ''ACCOUNTANT'', ''MANAGER'', ''AUDITOR'', ''VIEWER'', ''EMPLOYEE''); EXCEPTION WHEN duplicate_object THEN null; END';ALTER TABLE \"UserCompanies\" ALTER COLUMN \"role\" TYPE \"public\".\"enum_UserCompanies_role\" USING (\"role\"::\"public\".\"enum_UserCompanies_role\");"},"original":{"length":159,"name":"error","severity":"ERROR","code":"42804","file":"tablecmds.c","line":"14825","routine":"ATExecAlterColumnType","sql":"ALTER TABLE \"UserCompanies\" ALTER COLUMN \"role\" DROP NOT NULL;ALTER TABLE \"UserCompanies\" ALTER COLUMN \"role\" SET DEFAULT 'VIEWER';DO 'BEGIN CREATE TYPE \"public\".\"enum_UserCompanies_role\" AS ENUM(''SUPER_ADMIN'', ''ADMIN'', ''ACCOUNTANT'', ''MANAGER'', ''AUDITOR'', ''VIEWER'', ''EMPLOYEE''); EXCEPTION WHEN duplicate_object THEN null; END';ALTER TABLE \"UserCompanies\" ALTER COLUMN \"role\" TYPE \"public\".\"enum_UserCompanies_role\" USING (\"role\"::\"public\".\"enum_UserCompanies_role\");"},"sql":"ALTER TABLE \"UserCompanies\" ALTER COLUMN \"role\" DROP NOT NULL;ALTER TABLE \"UserCompanies\" ALTER COLUMN \"role\" SET DEFAULT 'VIEWER';DO 'BEGIN CREATE TYPE \"public\".\"enum_UserCompanies_role\" AS ENUM(''SUPER_ADMIN'', ''ADMIN'', ''ACCOUNTANT'', ''MANAGER'', ''AUDITOR'', ''VIEWER'', ''EMPLOYEE''); EXCEPTION WHEN duplicate_object THEN null; END';ALTER TABLE \"UserCompanies\" ALTER COLUMN \"role\" TYPE \"public\".\"enum_UserCompanies_role\" USING (\"role\"::\"public\".\"enum_UserCompanies_role\");","parameters":{}}
❌ Database connection/sync failed: default for column "role" cannot be cast automatically to type "enum_UserCompanies_role"
❌ Database connection/sync failed: default for column "role" cannot be cast automatically to type "enum_UserCompanies_role"
❌ Database connection/sync failed: default for column "role" cannot be cast automatically to type "enum_UserCompanies_role"
❌ Database connection/sync failed: default for column "role" cannot be cast automatically to type "enum_UserCompanies_role"
❌ Database connection/sync failed: default for column "role" cannot be cast automatically to type "enum_UserCompanies_role"
❌ Database connection/sync failed: default for column "role" cannot be cast automatically to type "enum_UserCompanies_role"
❌ Database connection/sync failed: default for column "role" cannot be cast automatically to type "enum_UserCompanies_role"
